Command line invocation:
    /Applications/Xcode.app/Contents/Developer/usr/bin/xcodebuild -scheme LUMA -destination "generic/platform=iOS Simulator" build

Resolve Package Graph


Resolved source packages:
  Firebase: https://github.com/firebase/firebase-ios-sdk @ 12.14.0
  leveldb: https://github.com/firebase/leveldb.git @ 1.22.5
  GoogleAdsOnDeviceConversion: https://github.com/googleads/google-ads-on-device-conversion-ios-sdk @ 3.6.0
  GoogleUtilities: https://github.com/google/GoogleUtilities.git @ 8.1.0
  GoogleDataTransport: https://github.com/google/GoogleDataTransport.git @ 10.1.0
  gRPC: https://github.com/google/grpc-binary.git @ 1.69.1
  abseil: https://github.com/google/abseil-cpp-binary.git @ 1.2024072200.0
  GoogleAppMeasurement: https://github.com/google/GoogleAppMeasurement.git @ 12.14.0
  AppCheck: https://github.com/google/app-check.git @ 11.2.0
  nanopb: https://github.com/firebase/nanopb.git @ 2.30910.0
  InteropForGoogle: https://github.com/google/interop-ios-for-google-sdks.git @ 101.0.0
  Promises: https://github.com/google/promises.git @ 2.4.0
  GTMSessionFetcher: https://github.com/google/gtm-session-fetcher.git @ 5.3.0

2026-06-17 09:57:32.936 xcodebuild[50697:939080] [MT] IDERunDestination: Supported platforms for the buildables in the current scheme is empty.
ComputePackagePrebuildTargetDependencyGraph

Prepare packages

CreateBuildRequest

SendProjectDescription

CreateBuildOperation

ComputeTargetDependencyGraph
note: Building targets in dependency order
note: Target dependency graph (58 targets)
    Target 'LUMA' in project 'LUMA'
        ➜ Explicit dependency on target 'FirebaseAuth' in project 'Firebase'
        ➜ Explicit dependency on target 'FirebaseFirestore' in project 'Firebase'
    Target 'FirebaseFirestore' in project 'Firebase'
        ➜ Explicit dependency on target 'FirebaseFirestoreTarget' in project 'Firebase'
        ➜ Explicit dependency on target 'FirebaseFirestoreInternalWrapper' in project 'Firebase'
        ➜ Explicit dependency on target 'FirebaseAppCheckInterop' in project 'Firebase'
        ➜ Explicit dependency on target 'Firebase' in project 'Firebase'
        ➜ Explicit dependency on target 'FirebaseCoreInternal' in project 'Firebase'
        ➜ Explicit dependency on target 'FirebaseCore' in project 'Firebase'
        ➜ Explicit dependency on target 'FirebaseCoreExtension' in project 'Firebase'
        ➜ Explicit dependency on target 'FirebaseSharedSwift' in project 'Firebase'
        ➜ Explicit dependency on target 'FirebaseFirestore' in project 'Firebase'
        ➜ Explicit dependency on target 'GULNSData' in project 'GoogleUtilities'
        ➜ Explicit dependency on target 'GULEnvironment' in project 'GoogleUtilities'
        ➜ Explicit dependency on target 'GULLogger' in project 'GoogleUtilities'
        ➜ Explicit dependency on target 'abseil' in project 'abseil'
        ➜ Explicit dependency on target 'gRPC-C++' in project 'gRPC'
        ➜ Explicit dependency on target 'nanopb' in project 'nanopb'
        ➜ Explicit dependency on target 'leveldb' in project 'leveldb'
    Target 'FirebaseFirestoreTarget' in project 'Firebase'
        ➜ Explicit dependency on target 'FirebaseFirestoreInternalWrapper' in project 'Firebase'
        ➜ Explicit dependency on target 'FirebaseAppCheckInterop' in project 'Firebase'
        ➜ Explicit dependency on target 'Firebase' in project 'Firebase'
        ➜ Explicit dependency on target 'FirebaseCoreInternal' in project 'Firebase'
        ➜ Explicit dependency on target 'FirebaseCore' in project 'Firebase'
        ➜ Explicit dependency on target 'FirebaseCoreExtension' in project 'Firebase'
        ➜ Explicit dependency on target 'FirebaseSharedSwift' in project 'Firebase'
        ➜ Explicit dependency on target 'FirebaseFirestore' in project 'Firebase'
        ➜ Explicit dependency on target 'GULNSData' in project 'GoogleUtilities'
        ➜ Explicit dependency on target 'GULEnvironment' in project 'GoogleUtilities'
        ➜ Explicit dependency on target 'GULLogger' in project 'GoogleUtilities'
        ➜ Explicit dependency on target 'abseil' in project 'abseil'
        ➜ Explicit dependency on target 'gRPC-C++' in project 'gRPC'
        ➜ Explicit dependency on target 'nanopb' in project 'nanopb'
        ➜ Explicit dependency on target 'leveldb' in project 'leveldb'
    Target 'FirebaseFirestore' in project 'Firebase'
        ➜ Explicit dependency on target 'Firebase_FirebaseFirestore' in project 'Firebase'
        ➜ Explicit dependency on target 'FirebaseFirestoreInternalWrapper' in project 'Firebase'
        ➜ Explicit dependency on target 'FirebaseAppCheckInterop' in project 'Firebase'
        ➜ Explicit dependency on target 'Firebase' in project 'Firebase'
        ➜ Explicit dependency on target 'FirebaseCoreInternal' in project 'Firebase'
        ➜ Explicit dependency on target 'FirebaseCore' in project 'Firebase'
        ➜ Explicit dependency on target 'FirebaseCoreExtension' in project 'Firebase'
        ➜ Explicit dependency on target 'FirebaseSharedSwift' in project 'Firebase'
        ➜ Explicit dependency on target 'GULNSData' in project 'GoogleUtilities'
        ➜ Explicit dependency on target 'GULEnvironment' in project 'GoogleUtilities'
        ➜ Explicit dependency on target 'GULLogger' in project 'GoogleUtilities'
        ➜ Explicit dependency on target 'abseil' in project 'abseil'
        ➜ Explicit dependency on target 'gRPC-C++' in project 'gRPC'
        ➜ Explicit dependency on target 'nanopb' in project 'nanopb'
        ➜ Explicit dependency on target 'leveldb' in project 'leveldb'
    Target 'leveldb' in project 'leveldb'
        ➜ Explicit dependency on target 'leveldb' in project 'leveldb'
        ➜ Explicit dependency on target 'leveldb_leveldb' in project 'leveldb'
    Target 'leveldb' in project 'leveldb'
        ➜ Explicit dependency on target 'leveldb_leveldb' in project 'leveldb'
    Target 'leveldb_leveldb' in project 'leveldb' (no dependencies)
    Target 'nanopb' in project 'nanopb'
        ➜ Explicit dependency on target 'nanopb' in project 'nanopb'
        ➜ Explicit dependency on target 'nanopb_nanopb' in project 'nanopb'
    Target 'nanopb' in project 'nanopb'
        ➜ Explicit dependency on target 'nanopb_nanopb' in project 'nanopb'
    Target 'nanopb_nanopb' in project 'nanopb' (no dependencies)
    Target 'gRPC-C++' in project 'gRPC'
        ➜ Explicit dependency on target 'grpcppWrapper' in project 'gRPC'
        ➜ Explicit dependency on target 'gRPC_grpcppWrapper' in project 'gRPC'
        ➜ Explicit dependency on target 'grpcWrapper' in project 'gRPC'
        ➜ Explicit dependency on target 'opensslWrapper' in project 'gRPC'
        ➜ Explicit dependency on target 'abseil' in project 'abseil'
    Target 'grpcppWrapper' in project 'gRPC'
        ➜ Explicit dependency on target 'gRPC_grpcppWrapper' in project 'gRPC'
        ➜ Explicit dependency on target 'grpcWrapper' in project 'gRPC'
        ➜ Explicit dependency on target 'opensslWrapper' in project 'gRPC'
        ➜ Explicit dependency on target 'abseil' in project 'abseil'
    Target 'opensslWrapper' in project 'gRPC'
        ➜ Explicit dependency on target 'gRPC_opensslWrapper' in project 'gRPC'
    Target 'gRPC_opensslWrapper' in project 'gRPC' (no dependencies)
    Target 'grpcWrapper' in project 'gRPC'
        ➜ Explicit dependency on target 'gRPC_grpcWrapper' in project 'gRPC'
    Target 'gRPC_grpcWrapper' in project 'gRPC' (no dependencies)
    Target 'gRPC_grpcppWrapper' in project 'gRPC' (no dependencies)
    Target 'abseil' in project 'abseil'
        ➜ Explicit dependency on target 'abslWrapper' in project 'abseil'
        ➜ Explicit dependency on target 'abseil_abslWrapper' in project 'abseil'
    Target 'abslWrapper' in project 'abseil'
        ➜ Explicit dependency on target 'abseil_abslWrapper' in project 'abseil'
    Target 'abseil_abslWrapper' in project 'abseil' (no dependencies)
    Target 'Firebase_FirebaseFirestore' in project 'Firebase' (no dependencies)
    Target 'FirebaseSharedSwift' in project 'Firebase' (no dependencies)
    Target 'FirebaseFirestoreInternalWrapper' in project 'Firebase' (no dependencies)
    Target 'FirebaseAuth' in project 'Firebase'
        ➜ Explicit dependency on target 'FirebaseAuth' in project 'Firebase'
        ➜ Explicit dependency on target 'Firebase_FirebaseAuth' in project 'Firebase'
        ➜ Explicit dependency on target 'FirebaseAppCheckInterop' in project 'Firebase'
        ➜ Explicit dependency on target 'FirebaseAuthInterop' in project 'Firebase'
        ➜ Explicit dependency on target 'FirebaseAuthInternal' in project 'Firebase'
        ➜ Explicit dependency on target 'Firebase' in project 'Firebase'
        ➜ Explicit dependency on target 'FirebaseCoreInternal' in project 'Firebase'
        ➜ Explicit dependency on target 'FirebaseCore' in project 'Firebase'
        ➜ Explicit dependency on target 'FirebaseCoreExtension' in project 'Firebase'
        ➜ Explicit dependency on target 'RecaptchaInterop' in project 'InteropForGoogle'
        ➜ Explicit dependency on target 'GULNSData' in project 'GoogleUtilities'
        ➜ Explicit dependency on target 'GULEnvironment' in project 'GoogleUtilities'
        ➜ Explicit dependency on target 'GULLogger' in project 'GoogleUtilities'
        ➜ Explicit dependency on target 'GULAppDelegateSwizzler' in project 'GoogleUtilities'
        ➜ Explicit dependency on target 'GTMSessionFetcherCore' in project 'GTMSessionFetcher'
    Target 'FirebaseAuth' in project 'Firebase'
        ➜ Explicit dependency on target 'Firebase_FirebaseAuth' in project 'Firebase'
        ➜ Explicit dependency on target 'FirebaseAppCheckInterop' in project 'Firebase'
        ➜ Explicit dependency on target 'FirebaseAuthInterop' in project 'Firebase'
        ➜ Explicit dependency on target 'FirebaseAuthInternal' in project 'Firebase'
        ➜ Explicit dependency on target 'Firebase' in project 'Firebase'
        ➜ Explicit dependency on target 'FirebaseCoreInternal' in project 'Firebase'
        ➜ Explicit dependency on target 'FirebaseCore' in project 'Firebase'
        ➜ Explicit dependency on target 'FirebaseCoreExtension' in project 'Firebase'
        ➜ Explicit dependency on target 'RecaptchaInterop' in project 'InteropForGoogle'
        ➜ Explicit dependency on target 'GULNSData' in project 'GoogleUtilities'
        ➜ Explicit dependency on target 'GULEnvironment' in project 'GoogleUtilities'
        ➜ Explicit dependency on target 'GULLogger' in project 'GoogleUtilities'
        ➜ Explicit dependency on target 'GULAppDelegateSwizzler' in project 'GoogleUtilities'
        ➜ Explicit dependency on target 'GTMSessionFetcherCore' in project 'GTMSessionFetcher'
    Target 'GTMSessionFetcherCore' in project 'GTMSessionFetcher'
        ➜ Explicit dependency on target 'GTMSessionFetcherCore' in project 'GTMSessionFetcher'
        ➜ Explicit dependency on target 'GTMSessionFetcher_GTMSessionFetcherCore' in project 'GTMSessionFetcher'
    Target 'GTMSessionFetcherCore' in project 'GTMSessionFetcher'
        ➜ Explicit dependency on target 'GTMSessionFetcher_GTMSessionFetcherCore' in project 'GTMSessionFetcher'
    Target 'GTMSessionFetcher_GTMSessionFetcherCore' in project 'GTMSessionFetcher' (no dependencies)
    Target 'GULAppDelegateSwizzler' in project 'GoogleUtilities'
        ➜ Explicit dependency on target 'GoogleUtilities-AppDelegateSwizzler' in project 'GoogleUtilities'
        ➜ Explicit dependency on target 'GoogleUtilities_GoogleUtilities-AppDelegateSwizzler' in project 'GoogleUtilities'
        ➜ Explicit dependency on target 'third-party-IsAppEncrypted' in project 'GoogleUtilities'
        ➜ Explicit dependency on target 'GoogleUtilities-Environment' in project 'GoogleUtilities'
        ➜ Explicit dependency on target 'GoogleUtilities-Logger' in project 'GoogleUtilities'
        ➜ Explicit dependency on target 'GoogleUtilities-NSData' in project 'GoogleUtilities'
        ➜ Explicit dependency on target 'GoogleUtilities-Reachability' in project 'GoogleUtilities'
        ➜ Explicit dependency on target 'GoogleUtilities-Network' in project 'GoogleUtilities'
    Target 'GoogleUtilities-AppDelegateSwizzler' in project 'GoogleUtilities'
        ➜ Explicit dependency on target 'GoogleUtilities_GoogleUtilities-AppDelegateSwizzler' in project 'GoogleUtilities'
        ➜ Explicit dependency on target 'third-party-IsAppEncrypted' in project 'GoogleUtilities'
        ➜ Explicit dependency on target 'GoogleUtilities-Environment' in project 'GoogleUtilities'
        ➜ Explicit dependency on target 'GoogleUtilities-Logger' in project 'GoogleUtilities'
        ➜ Explicit dependency on target 'GoogleUtilities-NSData' in project 'GoogleUtilities'
        ➜ Explicit dependency on target 'GoogleUtilities-Reachability' in project 'GoogleUtilities'
        ➜ Explicit dependency on target 'GoogleUtilities-Network' in project 'GoogleUtilities'
    Target 'GoogleUtilities-Network' in project 'GoogleUtilities'
        ➜ Explicit dependency on target 'GoogleUtilities_GoogleUtilities-Network' in project 'GoogleUtilities'
        ➜ Explicit dependency on target 'third-party-IsAppEncrypted' in project 'GoogleUtilities'
        ➜ Explicit dependency on target 'GoogleUtilities-Environment' in project 'GoogleUtilities'
        ➜ Explicit dependency on target 'GoogleUtilities-Logger' in project 'GoogleUtilities'
        ➜ Explicit dependency on target 'GoogleUtilities-NSData' in project 'GoogleUtilities'
        ➜ Explicit dependency on target 'GoogleUtilities-Reachability' in project 'GoogleUtilities'
    Target 'GoogleUtilities_GoogleUtilities-Network' in project 'GoogleUtilities' (no dependencies)
    Target 'GoogleUtilities-Reachability' in project 'GoogleUtilities'
        ➜ Explicit dependency on target 'GoogleUtilities_GoogleUtilities-Reachability' in project 'GoogleUtilities'
        ➜ Explicit dependency on target 'third-party-IsAppEncrypted' in project 'GoogleUtilities'
        ➜ Explicit dependency on target 'GoogleUtilities-Environment' in project 'GoogleUtilities'
        ➜ Explicit dependency on target 'GoogleUtilities-Logger' in project 'GoogleUtilities'
    Target 'GoogleUtilities_GoogleUtilities-Reachability' in project 'GoogleUtilities' (no dependencies)
    Target 'GoogleUtilities_GoogleUtilities-AppDelegateSwizzler' in project 'GoogleUtilities' (no dependencies)
    Target 'FirebaseCoreExtension' in project 'Firebase'
        ➜ Explicit dependency on target 'Firebase_FirebaseCoreExtension' in project 'Firebase'
    Target 'Firebase_FirebaseCoreExtension' in project 'Firebase' (no dependencies)
    Target 'FirebaseCore' in project 'Firebase'
        ➜ Explicit dependency on target 'Firebase_FirebaseCore' in project 'Firebase'
        ➜ Explicit dependency on target 'Firebase' in project 'Firebase'
        ➜ Explicit dependency on target 'FirebaseCoreInternal' in project 'Firebase'
        ➜ Explicit dependency on target 'GULNSData' in project 'GoogleUtilities'
        ➜ Explicit dependency on target 'GULEnvironment' in project 'GoogleUtilities'
        ➜ Explicit dependency on target 'GULLogger' in project 'GoogleUtilities'
    Target 'GULLogger' in project 'GoogleUtilities'
        ➜ Explicit dependency on target 'GoogleUtilities-Logger' in project 'GoogleUtilities'
        ➜ Explicit dependency on target 'GoogleUtilities_GoogleUtilities-Logger' in project 'GoogleUtilities'
        ➜ Explicit dependency on target 'third-party-IsAppEncrypted' in project 'GoogleUtilities'
        ➜ Explicit dependency on target 'GoogleUtilities-Environment' in project 'GoogleUtilities'
    Target 'GoogleUtilities-Logger' in project 'GoogleUtilities'
        ➜ Explicit dependency on target 'GoogleUtilities_GoogleUtilities-Logger' in project 'GoogleUtilities'
        ➜ Explicit dependency on target 'third-party-IsAppEncrypted' in project 'GoogleUtilities'
        ➜ Explicit dependency on target 'GoogleUtilities-Environment' in project 'GoogleUtilities'
    Target 'GoogleUtilities_GoogleUtilities-Logger' in project 'GoogleUtilities' (no dependencies)
    Target 'GULEnvironment' in project 'GoogleUtilities'
        ➜ Explicit dependency on target 'GoogleUtilities-Environment' in project 'GoogleUtilities'
        ➜ Explicit dependency on target 'GoogleUtilities_GoogleUtilities-Environment' in project 'GoogleUtilities'
        ➜ Explicit dependency on target 'third-party-IsAppEncrypted' in project 'GoogleUtilities'
    Target 'GoogleUtilities-Environment' in project 'GoogleUtilities'
        ➜ Explicit dependency on target 'GoogleUtilities_GoogleUtilities-Environment' in project 'GoogleUtilities'
        ➜ Explicit dependency on target 'third-party-IsAppEncrypted' in project 'GoogleUtilities'
    Target 'third-party-IsAppEncrypted' in project 'GoogleUtilities' (no dependencies)
    Target 'GoogleUtilities_GoogleUtilities-Environment' in project 'GoogleUtilities' (no dependencies)
    Target 'Firebase_FirebaseCore' in project 'Firebase' (no dependencies)
    Target 'FirebaseCoreInternal' in project 'Firebase'
        ➜ Explicit dependency on target 'Firebase_FirebaseCoreInternal' in project 'Firebase'
        ➜ Explicit dependency on target 'GULNSData' in project 'GoogleUtilities'
    Target 'GULNSData' in project 'GoogleUtilities'
        ➜ Explicit dependency on target 'GoogleUtilities-NSData' in project 'GoogleUtilities'
        ➜ Explicit dependency on target 'GoogleUtilities_GoogleUtilities-NSData' in project 'GoogleUtilities'
    Target 'GoogleUtilities-NSData' in project 'GoogleUtilities'
        ➜ Explicit dependency on target 'GoogleUtilities_GoogleUtilities-NSData' in project 'GoogleUtilities'
    Target 'GoogleUtilities_GoogleUtilities-NSData' in project 'GoogleUtilities' (no dependencies)
    Target 'Firebase_FirebaseCoreInternal' in project 'Firebase' (no dependencies)
    Target 'Firebase' in project 'Firebase' (no dependencies)
    Target 'FirebaseAuthInternal' in project 'Firebase'
        ➜ Explicit dependency on target 'RecaptchaInterop' in project 'InteropForGoogle'
    Target 'RecaptchaInterop' in project 'InteropForGoogle'
        ➜ Explicit dependency on target 'RecaptchaInterop' in project 'InteropForGoogle'
    Target 'RecaptchaInterop' in project 'InteropForGoogle' (no dependencies)
    Target 'FirebaseAuthInterop' in project 'Firebase' (no dependencies)
    Target 'FirebaseAppCheckInterop' in project 'Firebase' (no dependencies)
    Target 'Firebase_FirebaseAuth' in project 'Firebase' (no dependencies)

GatherProvisioningInputs

CreateBuildDescription

ExecuteExternalTool /Applications/Xcode.app/Contents/Developer/Toolchains/XcodeDefault.xctoolchain/usr/bin/clang -v -E -dM -arch arm64 -isysroot /Applications/Xcode.app/Contents/Developer/Platforms/iPhoneSimulator.platform/Developer/SDKs/iPhoneSimulator26.5.sdk -x objective-c -c /dev/null

ExecuteExternalTool /Applications/Xcode.app/Contents/Developer/Toolchains/XcodeDefault.xctoolchain/usr/bin/swiftc --version

ExecuteExternalTool /Applications/Xcode.app/Contents/Developer/Toolchains/XcodeDefault.xctoolchain/usr/bin/clang -v -E -dM -isysroot /Applications/Xcode.app/Contents/Developer/Platforms/iPhoneSimulator.platform/Developer/SDKs/iPhoneSimulator26.5.sdk -x c -c /dev/null

ExecuteExternalTool /Applications/Xcode.app/Contents/Developer/Toolchains/XcodeDefault.xctoolchain/usr/bin/clang -v -E -dM -arch arm64 -isysroot /Applications/Xcode.app/Contents/Developer/Platforms/iPhoneSimulator.platform/Developer/SDKs/iPhoneSimulator26.5.sdk -x c -c /dev/null

ExecuteExternalTool /Applications/Xcode.app/Contents/Developer/Toolchains/XcodeDefault.xctoolchain/usr/bin/ld -version_details

ExecuteExternalTool /Applications/Xcode.app/Contents/Developer/Toolchains/XcodeDefault.xctoolchain/usr/bin/clang -v -E -dM -arch arm64 -isysroot /Applications/Xcode.app/Contents/Developer/Platforms/iPhoneSimulator.platform/Developer/SDKs/iPhoneSimulator26.5.sdk -x c++ -c /dev/null

ExecuteExternalTool /Applications/Xcode.app/Contents/Developer/usr/bin/actool --print-asset-tag-combinations --output-format xml1 /Users/kamakshi/Documents/GitHub/Luma_App/LUMA/Assets.xcassets /Users/kamakshi/Documents/GitHub/Luma_App/LUMA/images.xcassets

ExecuteExternalTool /Applications/Xcode.app/Contents/Developer/Toolchains/XcodeDefault.xctoolchain/usr/bin/clang -v -E -dM -arch x86_64 -isysroot /Applications/Xcode.app/Contents/Developer/Platforms/iPhoneSimulator.platform/Developer/SDKs/iPhoneSimulator26.5.sdk -x objective-c -c /dev/null

ExecuteExternalTool /Applications/Xcode.app/Contents/Developer/Toolchains/XcodeDefault.xctoolchain/usr/bin/clang -v -E -dM -arch x86_64 -isysroot /Applications/Xcode.app/Contents/Developer/Platforms/iPhoneSimulator.platform/Developer/SDKs/iPhoneSimulator26.5.sdk -x c -c /dev/null

ExecuteExternalTool /Applications/Xcode.app/Contents/Developer/usr/bin/actool --version --output-format xml1

ExecuteExternalTool /Applications/Xcode.app/Contents/Developer/Toolchains/XcodeDefault.xctoolchain/usr/bin/clang -v -E -dM -arch x86_64 -isysroot /Applications/Xcode.app/Contents/Developer/Platforms/iPhoneSimulator.platform/Developer/SDKs/iPhoneSimulator26.5.sdk -x c++ -c /dev/null

Build description signature: c0d5d43f7d4ed617276c6f098dc256d8
Build description path: /Users/kamakshi/Library/Developer/Xcode/DerivedData/LUMA-hbxbhmstnyfiyxhiydjxxnfarqfc/Build/Intermediates.noindex/XCBuildData/c0d5d43f7d4ed617276c6f098dc256d8.xcbuilddata
ClangStatCache /Applications/Xcode.app/Contents/Developer/Toolchains/XcodeDefault.xctoolchain/usr/bin/clang-stat-cache /Applications/Xcode.app/Contents/Developer/Platforms/iPhoneSimulator.platform/Developer/SDKs/iPhoneSimulator26.5.sdk /Users/kamakshi/Library/Developer/Xcode/DerivedData/SDKStatCaches.noindex/iphonesimulator26.5-23F73-6cfe768891a92b912361537c460fe42b.sdkstatcache
    cd /Users/kamakshi/Documents/GitHub/Luma_App/LUMA.xcodeproj
    /Applications/Xcode.app/Contents/Developer/Toolchains/XcodeDefault.xctoolchain/usr/bin/clang-stat-cache /Applications/Xcode.app/Contents/Developer/Platforms/iPhoneSimulator.platform/Developer/SDKs/iPhoneSimulator26.5.sdk -o /Users/kamakshi/Library/Developer/Xcode/DerivedData/SDKStatCaches.noindex/iphonesimulator26.5-23F73-6cfe768891a92b912361537c460fe42b.sdkstatcache

ProcessInfoPlistFile /Users/kamakshi/Library/Developer/Xcode/DerivedData/LUMA-hbxbhmstnyfiyxhiydjxxnfarqfc/Build/Products/Debug-iphonesimulator/Firebase_FirebaseAuth.bundle/Info.plist /Users/kamakshi/Library/Developer/Xcode/DerivedData/LUMA-hbxbhmstnyfiyxhiydjxxnfarqfc/Build/Intermediates.noindex/Firebase.build/Debug-iphonesimulator/Firebase_FirebaseAuth.build/empty-Firebase_FirebaseAuth.plist (in target 'Firebase_FirebaseAuth' from project 'Firebase')
    cd /Users/kamakshi/Library/Developer/Xcode/DerivedData/LUMA-hbxbhmstnyfiyxhiydjxxnfarqfc/SourcePackages/checkouts/firebase-ios-sdk
    builtin-infoPlistUtility /Users/kamakshi/Library/Developer/Xcode/DerivedData/LUMA-hbxbhmstnyfiyxhiydjxxnfarqfc/Build/Intermediates.noindex/Firebase.build/Debug-iphonesimulator/Firebase_FirebaseAuth.build/empty-Firebase_FirebaseAuth.plist -producttype com.apple.product-type.bundle -expandbuildsettings -format binary -platform iphonesimulator -o /Users/kamakshi/Library/Developer/Xcode/DerivedData/LUMA-hbxbhmstnyfiyxhiydjxxnfarqfc/Build/Products/Debug-iphonesimulator/Firebase_FirebaseAuth.bundle/Info.plist

ProcessInfoPlistFile /Users/kamakshi/Library/Developer/Xcode/DerivedData/LUMA-hbxbhmstnyfiyxhiydjxxnfarqfc/Build/Products/Debug-iphonesimulator/GoogleUtilities_GoogleUtilities-NSData.bundle/Info.plist /Users/kamakshi/Library/Developer/Xcode/DerivedData/LUMA-hbxbhmstnyfiyxhiydjxxnfarqfc/Build/Intermediates.noindex/GoogleUtilities.build/Debug-iphonesimulator/GoogleUtilities_GoogleUtilities-NSData.build/empty-GoogleUtilities_GoogleUtilities-NSData.plist (in target 'GoogleUtilities_GoogleUtilities-NSData' from project 'GoogleUtilities')
    cd /Users/kamakshi/Library/Developer/Xcode/DerivedData/LUMA-hbxbhmstnyfiyxhiydjxxnfarqfc/SourcePackages/checkouts/GoogleUtilities
    builtin-infoPlistUtility /Users/kamakshi/Library/Developer/Xcode/DerivedData/LUMA-hbxbhmstnyfiyxhiydjxxnfarqfc/Build/Intermediates.noindex/GoogleUtilities.build/Debug-iphonesimulator/GoogleUtilities_GoogleUtilities-NSData.build/empty-GoogleUtilities_GoogleUtilities-NSData.plist -producttype com.apple.product-type.bundle -expandbuildsettings -format binary -platform iphonesimulator -o /Users/kamakshi/Library/Developer/Xcode/DerivedData/LUMA-hbxbhmstnyfiyxhiydjxxnfarqfc/Build/Products/Debug-iphonesimulator/GoogleUtilities_GoogleUtilities-NSData.bundle/Info.plist

ProcessInfoPlistFile /Users/kamakshi/Library/Developer/Xcode/DerivedData/LUMA-hbxbhmstnyfiyxhiydjxxnfarqfc/Build/Products/Debug-iphonesimulator/Firebase_FirebaseCoreExtension.bundle/Info.plist /Users/kamakshi/Library/Developer/Xcode/DerivedData/LUMA-hbxbhmstnyfiyxhiydjxxnfarqfc/Build/Intermediates.noindex/Firebase.build/Debug-iphonesimulator/Firebase_FirebaseCoreExtension.build/empty-Firebase_FirebaseCoreExtension.plist (in target 'Firebase_FirebaseCoreExtension' from project 'Firebase')
    cd /Users/kamakshi/Library/Developer/Xcode/DerivedData/LUMA-hbxbhmstnyfiyxhiydjxxnfarqfc/SourcePackages/checkouts/firebase-ios-sdk
    builtin-infoPlistUtility /Users/kamakshi/Library/Developer/Xcode/DerivedData/LUMA-hbxbhmstnyfiyxhiydjxxnfarqfc/Build/Intermediates.noindex/Firebase.build/Debug-iphonesimulator/Firebase_FirebaseCoreExtension.build/empty-Firebase_FirebaseCoreExtension.plist -producttype com.apple.product-type.bundle -expandbuildsettings -format binary -platform iphonesimulator -o /Users/kamakshi/Library/Developer/Xcode/DerivedData/LUMA-hbxbhmstnyfiyxhiydjxxnfarqfc/Build/Products/Debug-iphonesimulator/Firebase_FirebaseCoreExtension.bundle/Info.plist

ProcessInfoPlistFile /Users/kamakshi/Library/Developer/Xcode/DerivedData/LUMA-hbxbhmstnyfiyxhiydjxxnfarqfc/Build/Products/Debug-iphonesimulator/GoogleUtilities_GoogleUtilities-Environment.bundle/Info.plist /Users/kamakshi/Library/Developer/Xcode/DerivedData/LUMA-hbxbhmstnyfiyxhiydjxxnfarqfc/Build/Intermediates.noindex/GoogleUtilities.build/Debug-iphonesimulator/GoogleUtilities_GoogleUtilities-Environment.build/empty-GoogleUtilities_GoogleUtilities-Environment.plist (in target 'GoogleUtilities_GoogleUtilities-Environment' from project 'GoogleUtilities')
    cd /Users/kamakshi/Library/Developer/Xcode/DerivedData/LUMA-hbxbhmstnyfiyxhiydjxxnfarqfc/SourcePackages/checkouts/GoogleUtilities
    builtin-infoPlistUtility /Users/kamakshi/Library/Developer/Xcode/DerivedData/LUMA-hbxbhmstnyfiyxhiydjxxnfarqfc/Build/Intermediates.noindex/GoogleUtilities.build/Debug-iphonesimulator/GoogleUtilities_GoogleUtilities-Environment.build/empty-GoogleUtilities_GoogleUtilities-Environment.plist -producttype com.apple.product-type.bundle -expandbuildsettings -format binary -platform iphonesimulator -o /Users/kamakshi/Library/Developer/Xcode/DerivedData/LUMA-hbxbhmstnyfiyxhiydjxxnfarqfc/Build/Products/Debug-iphonesimulator/GoogleUtilities_GoogleUtilities-Environment.bundle/Info.plist

ProcessInfoPlistFile /Users/kamakshi/Library/Developer/Xcode/DerivedData/LUMA-hbxbhmstnyfiyxhiydjxxnfarqfc/Build/Products/Debug-iphonesimulator/GTMSessionFetcher_GTMSessionFetcherCore.bundle/Info.plist /Users/kamakshi/Library/Developer/Xcode/DerivedData/LUMA-hbxbhmstnyfiyxhiydjxxnfarqfc/Build/Intermediates.noindex/GTMSessionFetcher.build/Debug-iphonesimulator/GTMSessionFetcher_GTMSessionFetcherCore.build/empty-GTMSessionFetcher_GTMSessionFetcherCore.plist (in target 'GTMSessionFetcher_GTMSessionFetcherCore' from project 'GTMSessionFetcher')
    cd /Users/kamakshi/Library/Developer/Xcode/DerivedData/LUMA-hbxbhmstnyfiyxhiydjxxnfarqfc/SourcePackages/checkouts/gtm-session-fetcher
    builtin-infoPlistUtility /Users/kamakshi/Library/Developer/Xcode/DerivedData/LUMA-hbxbhmstnyfiyxhiydjxxnfarqfc/Build/Intermediates.noindex/GTMSessionFetcher.build/Debug-iphonesimulator/GTMSessionFetcher_GTMSessionFetcherCore.build/empty-GTMSessionFetcher_GTMSessionFetcherCore.plist -producttype com.apple.product-type.bundle -expandbuildsettings -format binary -platform iphonesimulator -o /Users/kamakshi/Library/Developer/Xcode/DerivedData/LUMA-hbxbhmstnyfiyxhiydjxxnfarqfc/Build/Products/Debug-iphonesimulator/GTMSessionFetcher_GTMSessionFetcherCore.bundle/Info.plist

ProcessInfoPlistFile /Users/kamakshi/Library/Developer/Xcode/DerivedData/LUMA-hbxbhmstnyfiyxhiydjxxnfarqfc/Build/Products/Debug-iphonesimulator/Firebase_FirebaseCoreInternal.bundle/Info.plist /Users/kamakshi/Library/Developer/Xcode/DerivedData/LUMA-hbxbhmstnyfiyxhiydjxxnfarqfc/Build/Intermediates.noindex/Firebase.build/Debug-iphonesimulator/Firebase_FirebaseCoreInternal.build/empty-Firebase_FirebaseCoreInternal.plist (in target 'Firebase_FirebaseCoreInternal' from project 'Firebase')
    cd /Users/kamakshi/Library/Developer/Xcode/DerivedData/LUMA-hbxbhmstnyfiyxhiydjxxnfarqfc/SourcePackages/checkouts/firebase-ios-sdk
    builtin-infoPlistUtility /Users/kamakshi/Library/Developer/Xcode/DerivedData/LUMA-hbxbhmstnyfiyxhiydjxxnfarqfc/Build/Intermediates.noindex/Firebase.build/Debug-iphonesimulator/Firebase_FirebaseCoreInternal.build/empty-Firebase_FirebaseCoreInternal.plist -producttype com.apple.product-type.bundle -expandbuildsettings -format binary -platform iphonesimulator -o /Users/kamakshi/Library/Developer/Xcode/DerivedData/LUMA-hbxbhmstnyfiyxhiydjxxnfarqfc/Build/Products/Debug-iphonesimulator/Firebase_FirebaseCoreInternal.bundle/Info.plist

ProcessInfoPlistFile /Users/kamakshi/Library/Developer/Xcode/DerivedData/LUMA-hbxbhmstnyfiyxhiydjxxnfarqfc/Build/Products/Debug-iphonesimulator/GoogleUtilities_GoogleUtilities-Logger.bundle/Info.plist /Users/kamakshi/Library/Developer/Xcode/DerivedData/LUMA-hbxbhmstnyfiyxhiydjxxnfarqfc/Build/Intermediates.noindex/GoogleUtilities.build/Debug-iphonesimulator/GoogleUtilities_GoogleUtilities-Logger.build/empty-GoogleUtilities_GoogleUtilities-Logger.plist (in target 'GoogleUtilities_GoogleUtilities-Logger' from project 'GoogleUtilities')
    cd /Users/kamakshi/Library/Developer/Xcode/DerivedData/LUMA-hbxbhmstnyfiyxhiydjxxnfarqfc/SourcePackages/checkouts/GoogleUtilities
    builtin-infoPlistUtility /Users/kamakshi/Library/Developer/Xcode/DerivedData/LUMA-hbxbhmstnyfiyxhiydjxxnfarqfc/Build/Intermediates.noindex/GoogleUtilities.build/Debug-iphonesimulator/GoogleUtilities_GoogleUtilities-Logger.build/empty-GoogleUtilities_GoogleUtilities-Logger.plist -producttype com.apple.product-type.bundle -expandbuildsettings -format binary -platform iphonesimulator -o /Users/kamakshi/Library/Developer/Xcode/DerivedData/LUMA-hbxbhmstnyfiyxhiydjxxnfarqfc/Build/Products/Debug-iphonesimulator/GoogleUtilities_GoogleUtilities-Logger.bundle/Info.plist

ProcessInfoPlistFile /Users/kamakshi/Library/Developer/Xcode/DerivedData/LUMA-hbxbhmstnyfiyxhiydjxxnfarqfc/Build/Products/Debug-iphonesimulator/GoogleUtilities_GoogleUtilities-AppDelegateSwizzler.bundle/Info.plist /Users/kamakshi/Library/Developer/Xcode/DerivedData/LUMA-hbxbhmstnyfiyxhiydjxxnfarqfc/Build/Intermediates.noindex/GoogleUtilities.build/Debug-iphonesimulator/GoogleUtilities_GoogleUtilities-AppDelegateSwizzler.build/empty-GoogleUtilities_GoogleUtilities-AppDelegateSwizzler.plist (in target 'GoogleUtilities_GoogleUtilities-AppDelegateSwizzler' from project 'GoogleUtilities')
    cd /Users/kamakshi/Library/Developer/Xcode/DerivedData/LUMA-hbxbhmstnyfiyxhiydjxxnfarqfc/SourcePackages/checkouts/GoogleUtilities
    builtin-infoPlistUtility /Users/kamakshi/Library/Developer/Xcode/DerivedData/LUMA-hbxbhmstnyfiyxhiydjxxnfarqfc/Build/Intermediates.noindex/GoogleUtilities.build/Debug-iphonesimulator/GoogleUtilities_GoogleUtilities-AppDelegateSwizzler.build/empty-GoogleUtilities_GoogleUtilities-AppDelegateSwizzler.plist -producttype com.apple.product-type.bundle -expandbuildsettings -format binary -platform iphonesimulator -o /Users/kamakshi/Library/Developer/Xcode/DerivedData/LUMA-hbxbhmstnyfiyxhiydjxxnfarqfc/Build/Products/Debug-iphonesimulator/GoogleUtilities_GoogleUtilities-AppDelegateSwizzler.bundle/Info.plist

ProcessInfoPlistFile /Users/kamakshi/Library/Developer/Xcode/DerivedData/LUMA-hbxbhmstnyfiyxhiydjxxnfarqfc/Build/Products/Debug-iphonesimulator/GoogleUtilities_GoogleUtilities-Reachability.bundle/Info.plist /Users/kamakshi/Library/Developer/Xcode/DerivedData/LUMA-hbxbhmstnyfiyxhiydjxxnfarqfc/Build/Intermediates.noindex/GoogleUtilities.build/Debug-iphonesimulator/GoogleUtilities_GoogleUtilities-Reachability.build/empty-GoogleUtilities_GoogleUtilities-Reachability.plist (in target 'GoogleUtilities_GoogleUtilities-Reachability' from project 'GoogleUtilities')
    cd /Users/kamakshi/Library/Developer/Xcode/DerivedData/LUMA-hbxbhmstnyfiyxhiydjxxnfarqfc/SourcePackages/checkouts/GoogleUtilities
    builtin-infoPlistUtility /Users/kamakshi/Library/Developer/Xcode/DerivedData/LUMA-hbxbhmstnyfiyxhiydjxxnfarqfc/Build/Intermediates.noindex/GoogleUtilities.build/Debug-iphonesimulator/GoogleUtilities_GoogleUtilities-Reachability.build/empty-GoogleUtilities_GoogleUtilities-Reachability.plist -producttype com.apple.product-type.bundle -expandbuildsettings -format binary -platform iphonesimulator -o /Users/kamakshi/Library/Developer/Xcode/DerivedData/LUMA-hbxbhmstnyfiyxhiydjxxnfarqfc/Build/Products/Debug-iphonesimulator/GoogleUtilities_GoogleUtilities-Reachability.bundle/Info.plist

ProcessInfoPlistFile /Users/kamakshi/Library/Developer/Xcode/DerivedData/LUMA-hbxbhmstnyfiyxhiydjxxnfarqfc/Build/Products/Debug-iphonesimulator/GoogleUtilities_GoogleUtilities-Network.bundle/Info.plist /Users/kamakshi/Library/Developer/Xcode/DerivedData/LUMA-hbxbhmstnyfiyxhiydjxxnfarqfc/Build/Intermediates.noindex/GoogleUtilities.build/Debug-iphonesimulator/GoogleUtilities_GoogleUtilities-Network.build/empty-GoogleUtilities_GoogleUtilities-Network.plist (in target 'GoogleUtilities_GoogleUtilities-Network' from project 'GoogleUtilities')
    cd /Users/kamakshi/Library/Developer/Xcode/DerivedData/LUMA-hbxbhmstnyfiyxhiydjxxnfarqfc/SourcePackages/checkouts/GoogleUtilities
    builtin-infoPlistUtility /Users/kamakshi/Library/Developer/Xcode/DerivedData/LUMA-hbxbhmstnyfiyxhiydjxxnfarqfc/Build/Intermediates.noindex/GoogleUtilities.build/Debug-iphonesimulator/GoogleUtilities_GoogleUtilities-Network.build/empty-GoogleUtilities_GoogleUtilities-Network.plist -producttype com.apple.product-type.bundle -expandbuildsettings -format binary -platform iphonesimulator -o /Users/kamakshi/Library/Developer/Xcode/DerivedData/LUMA-hbxbhmstnyfiyxhiydjxxnfarqfc/Build/Products/Debug-iphonesimulator/GoogleUtilities_GoogleUtilities-Network.bundle/Info.plist

ProcessInfoPlistFile /Users/kamakshi/Library/Developer/Xcode/DerivedData/LUMA-hbxbhmstnyfiyxhiydjxxnfarqfc/Build/Products/Debug-iphonesimulator/Firebase_FirebaseCore.bundle/Info.plist /Users/kamakshi/Library/Developer/Xcode/DerivedData/LUMA-hbxbhmstnyfiyxhiydjxxnfarqfc/Build/Intermediates.noindex/Firebase.build/Debug-iphonesimulator/Firebase_FirebaseCore.build/empty-Firebase_FirebaseCore.plist (in target 'Firebase_FirebaseCore' from project 'Firebase')
    cd /Users/kamakshi/Library/Developer/Xcode/DerivedData/LUMA-hbxbhmstnyfiyxhiydjxxnfarqfc/SourcePackages/checkouts/firebase-ios-sdk
    builtin-infoPlistUtility /Users/kamakshi/Library/Developer/Xcode/DerivedData/LUMA-hbxbhmstnyfiyxhiydjxxnfarqfc/Build/Intermediates.noindex/Firebase.build/Debug-iphonesimulator/Firebase_FirebaseCore.build/empty-Firebase_FirebaseCore.plist -producttype com.apple.product-type.bundle -expandbuildsettings -format binary -platform iphonesimulator -o /Users/kamakshi/Library/Developer/Xcode/DerivedData/LUMA-hbxbhmstnyfiyxhiydjxxnfarqfc/Build/Products/Debug-iphonesimulator/Firebase_FirebaseCore.bundle/Info.plist

ProcessInfoPlistFile /Users/kamakshi/Library/Developer/Xcode/DerivedData/LUMA-hbxbhmstnyfiyxhiydjxxnfarqfc/Build/Products/Debug-iphonesimulator/Firebase_FirebaseFirestore.bundle/Info.plist /Users/kamakshi/Library/Developer/Xcode/DerivedData/LUMA-hbxbhmstnyfiyxhiydjxxnfarqfc/Build/Intermediates.noindex/Firebase.build/Debug-iphonesimulator/Firebase_FirebaseFirestore.build/empty-Firebase_FirebaseFirestore.plist (in target 'Firebase_FirebaseFirestore' from project 'Firebase')
    cd /Users/kamakshi/Library/Developer/Xcode/DerivedData/LUMA-hbxbhmstnyfiyxhiydjxxnfarqfc/SourcePackages/checkouts/firebase-ios-sdk
    builtin-infoPlistUtility /Users/kamakshi/Library/Developer/Xcode/DerivedData/LUMA-hbxbhmstnyfiyxhiydjxxnfarqfc/Build/Intermediates.noindex/Firebase.build/Debug-iphonesimulator/Firebase_FirebaseFirestore.build/empty-Firebase_FirebaseFirestore.plist -producttype com.apple.product-type.bundle -expandbuildsettings -format binary -platform iphonesimulator -o /Users/kamakshi/Library/Developer/Xcode/DerivedData/LUMA-hbxbhmstnyfiyxhiydjxxnfarqfc/Build/Products/Debug-iphonesimulator/Firebase_FirebaseFirestore.bundle/Info.plist

ProcessInfoPlistFile /Users/kamakshi/Library/Developer/Xcode/DerivedData/LUMA-hbxbhmstnyfiyxhiydjxxnfarqfc/Build/Products/Debug-iphonesimulator/nanopb_nanopb.bundle/Info.plist /Users/kamakshi/Library/Developer/Xcode/DerivedData/LUMA-hbxbhmstnyfiyxhiydjxxnfarqfc/Build/Intermediates.noindex/nanopb.build/Debug-iphonesimulator/nanopb_nanopb.build/empty-nanopb_nanopb.plist (in target 'nanopb_nanopb' from project 'nanopb')
    cd /Users/kamakshi/Library/Developer/Xcode/DerivedData/LUMA-hbxbhmstnyfiyxhiydjxxnfarqfc/SourcePackages/checkouts/nanopb
    builtin-infoPlistUtility /Users/kamakshi/Library/Developer/Xcode/DerivedData/LUMA-hbxbhmstnyfiyxhiydjxxnfarqfc/Build/Intermediates.noindex/nanopb.build/Debug-iphonesimulator/nanopb_nanopb.build/empty-nanopb_nanopb.plist -producttype com.apple.product-type.bundle -expandbuildsettings -format binary -platform iphonesimulator -o /Users/kamakshi/Library/Developer/Xcode/DerivedData/LUMA-hbxbhmstnyfiyxhiydjxxnfarqfc/Build/Products/Debug-iphonesimulator/nanopb_nanopb.bundle/Info.plist

ProcessInfoPlistFile /Users/kamakshi/Library/Developer/Xcode/DerivedData/LUMA-hbxbhmstnyfiyxhiydjxxnfarqfc/Build/Products/Debug-iphonesimulator/leveldb_leveldb.bundle/Info.plist /Users/kamakshi/Library/Developer/Xcode/DerivedData/LUMA-hbxbhmstnyfiyxhiydjxxnfarqfc/Build/Intermediates.noindex/leveldb.build/Debug-iphonesimulator/leveldb_leveldb.build/empty-leveldb_leveldb.plist (in target 'leveldb_leveldb' from project 'leveldb')
    cd /Users/kamakshi/Library/Developer/Xcode/DerivedData/LUMA-hbxbhmstnyfiyxhiydjxxnfarqfc/SourcePackages/checkouts/leveldb
    builtin-infoPlistUtility /Users/kamakshi/Library/Developer/Xcode/DerivedData/LUMA-hbxbhmstnyfiyxhiydjxxnfarqfc/Build/Intermediates.noindex/leveldb.build/Debug-iphonesimulator/leveldb_leveldb.build/empty-leveldb_leveldb.plist -producttype com.apple.product-type.bundle -expandbuildsettings -format binary -platform iphonesimulator -o /Users/kamakshi/Library/Developer/Xcode/DerivedData/LUMA-hbxbhmstnyfiyxhiydjxxnfarqfc/Build/Products/Debug-iphonesimulator/leveldb_leveldb.bundle/Info.plist

ProcessInfoPlistFile /Users/kamakshi/Library/Developer/Xcode/DerivedData/LUMA-hbxbhmstnyfiyxhiydjxxnfarqfc/Build/Products/Debug-iphonesimulator/abseil_abslWrapper.bundle/Info.plist /Users/kamakshi/Library/Developer/Xcode/DerivedData/LUMA-hbxbhmstnyfiyxhiydjxxnfarqfc/Build/Intermediates.noindex/abseil.build/Debug-iphonesimulator/abseil_abslWrapper.build/empty-abseil_abslWrapper.plist (in target 'abseil_abslWrapper' from project 'abseil')
    cd /Users/kamakshi/Library/Developer/Xcode/DerivedData/LUMA-hbxbhmstnyfiyxhiydjxxnfarqfc/SourcePackages/checkouts/abseil-cpp-binary
    builtin-infoPlistUtility /Users/kamakshi/Library/Developer/Xcode/DerivedData/LUMA-hbxbhmstnyfiyxhiydjxxnfarqfc/Build/Intermediates.noindex/abseil.build/Debug-iphonesimulator/abseil_abslWrapper.build/empty-abseil_abslWrapper.plist -producttype com.apple.product-type.bundle -expandbuildsettings -format binary -platform iphonesimulator -o /Users/kamakshi/Library/Developer/Xcode/DerivedData/LUMA-hbxbhmstnyfiyxhiydjxxnfarqfc/Build/Products/Debug-iphonesimulator/abseil_abslWrapper.bundle/Info.plist

ProcessInfoPlistFile /Users/kamakshi/Library/Developer/Xcode/DerivedData/LUMA-hbxbhmstnyfiyxhiydjxxnfarqfc/Build/Products/Debug-iphonesimulator/gRPC_grpcppWrapper.bundle/Info.plist /Users/kamakshi/Library/Developer/Xcode/DerivedData/LUMA-hbxbhmstnyfiyxhiydjxxnfarqfc/Build/Intermediates.noindex/gRPC.build/Debug-iphonesimulator/gRPC_grpcppWrapper.build/empty-gRPC_grpcppWrapper.plist (in target 'gRPC_grpcppWrapper' from project 'gRPC')
    cd /Users/kamakshi/Library/Developer/Xcode/DerivedData/LUMA-hbxbhmstnyfiyxhiydjxxnfarqfc/SourcePackages/checkouts/grpc-binary
    builtin-infoPlistUtility /Users/kamakshi/Library/Developer/Xcode/DerivedData/LUMA-hbxbhmstnyfiyxhiydjxxnfarqfc/Build/Intermediates.noindex/gRPC.build/Debug-iphonesimulator/gRPC_grpcppWrapper.build/empty-gRPC_grpcppWrapper.plist -producttype com.apple.product-type.bundle -expandbuildsettings -format binary -platform iphonesimulator -o /Users/kamakshi/Library/Developer/Xcode/DerivedData/LUMA-hbxbhmstnyfiyxhiydjxxnfarqfc/Build/Products/Debug-iphonesimulator/gRPC_grpcppWrapper.bundle/Info.plist

ProcessInfoPlistFile /Users/kamakshi/Library/Developer/Xcode/DerivedData/LUMA-hbxbhmstnyfiyxhiydjxxnfarqfc/Build/Products/Debug-iphonesimulator/gRPC_opensslWrapper.bundle/Info.plist /Users/kamakshi/Library/Developer/Xcode/DerivedData/LUMA-hbxbhmstnyfiyxhiydjxxnfarqfc/Build/Intermediates.noindex/gRPC.build/Debug-iphonesimulator/gRPC_opensslWrapper.build/empty-gRPC_opensslWrapper.plist (in target 'gRPC_opensslWrapper' from project 'gRPC')
    cd /Users/kamakshi/Library/Developer/Xcode/DerivedData/LUMA-hbxbhmstnyfiyxhiydjxxnfarqfc/SourcePackages/checkouts/grpc-binary
    builtin-infoPlistUtility /Users/kamakshi/Library/Developer/Xcode/DerivedData/LUMA-hbxbhmstnyfiyxhiydjxxnfarqfc/Build/Intermediates.noindex/gRPC.build/Debug-iphonesimulator/gRPC_opensslWrapper.build/empty-gRPC_opensslWrapper.plist -producttype com.apple.product-type.bundle -expandbuildsettings -format binary -platform iphonesimulator -o /Users/kamakshi/Library/Developer/Xcode/DerivedData/LUMA-hbxbhmstnyfiyxhiydjxxnfarqfc/Build/Products/Debug-iphonesimulator/gRPC_opensslWrapper.bundle/Info.plist

ProcessInfoPlistFile /Users/kamakshi/Library/Developer/Xcode/DerivedData/LUMA-hbxbhmstnyfiyxhiydjxxnfarqfc/Build/Products/Debug-iphonesimulator/gRPC_grpcWrapper.bundle/Info.plist /Users/kamakshi/Library/Developer/Xcode/DerivedData/LUMA-hbxbhmstnyfiyxhiydjxxnfarqfc/Build/Intermediates.noindex/gRPC.build/Debug-iphonesimulator/gRPC_grpcWrapper.build/empty-gRPC_grpcWrapper.plist (in target 'gRPC_grpcWrapper' from project 'gRPC')
    cd /Users/kamakshi/Library/Developer/Xcode/DerivedData/LUMA-hbxbhmstnyfiyxhiydjxxnfarqfc/SourcePackages/checkouts/grpc-binary
    builtin-infoPlistUtility /Users/kamakshi/Library/Developer/Xcode/DerivedData/LUMA-hbxbhmstnyfiyxhiydjxxnfarqfc/Build/Intermediates.noindex/gRPC.build/Debug-iphonesimulator/gRPC_grpcWrapper.build/empty-gRPC_grpcWrapper.plist -producttype com.apple.product-type.bundle -expandbuildsettings -format binary -platform iphonesimulator -o /Users/kamakshi/Library/Developer/Xcode/DerivedData/LUMA-hbxbhmstnyfiyxhiydjxxnfarqfc/Build/Products/Debug-iphonesimulator/gRPC_grpcWrapper.bundle/Info.plist

SwiftDriver LUMA normal arm64 com.apple.xcode.tools.swift.compiler (in target 'LUMA' from project 'LUMA')
    cd /Users/kamakshi/Documents/GitHub/Luma_App
    builtin-SwiftDriver -- /Applications/Xcode.app/Contents/Developer/Toolchains/XcodeDefault.xctoolchain/usr/bin/swiftc -module-name LUMA -Onone @/Users/kamakshi/Library/Developer/Xcode/DerivedData/LUMA-hbxbhmstnyfiyxhiydjxxnfarqfc/Build/Intermediates.noindex/LUMA.build/Debug-iphonesimulator/LUMA.build/Objects-normal/arm64/LUMA.SwiftFileList -DDEBUG -Xcc -fmodule-map-file\=/Users/kamakshi/Library/Developer/Xcode/DerivedData/LUMA-hbxbhmstnyfiyxhiydjxxnfarqfc/Build/Intermediates.noindex/GeneratedModuleMaps-iphonesimulator/RecaptchaInterop.modulemap -Xcc -fmodule-map-file\=/Users/kamakshi/Library/Developer/Xcode/DerivedData/LUMA-hbxbhmstnyfiyxhiydjxxnfarqfc/Build/Intermediates.noindex/GeneratedModuleMaps-iphonesimulator/GoogleUtilities-Network.modulemap -Xcc -fmodule-map-file\=/Users/kamakshi/Library/Developer/Xcode/DerivedData/LUMA-hbxbhmstnyfiyxhiydjxxnfarqfc/Build/Intermediates.noindex/GeneratedModuleMaps-iphonesimulator/GoogleUtilities-Reachability.modulemap -Xcc -fmodule-map-file\=/Users/kamakshi/Library/Developer/Xcode/DerivedData/LUMA-hbxbhmstnyfiyxhiydjxxnfarqfc/Build/Intermediates.noindex/GeneratedModuleMaps-iphonesimulator/GoogleUtilities-AppDelegateSwizzler.modulemap -Xcc -fmodule-map-file\=/Users/kamakshi/Library/Developer/Xcode/DerivedData/LUMA-hbxbhmstnyfiyxhiydjxxnfarqfc/Build/Intermediates.noindex/GeneratedModuleMaps-iphonesimulator/GTMSessionFetcherCore.modulemap -Xcc -fmodule-map-file\=/Users/kamakshi/Library/Developer/Xcode/DerivedData/LUMA-hbxbhmstnyfiyxhiydjxxnfarqfc/Build/Intermediates.noindex/GeneratedModuleMaps-iphonesimulator/FirebaseAuthInternal.modulemap -Xcc -fmodule-map-file\=/Users/kamakshi/Library/Developer/Xcode/DerivedData/LUMA-hbxbhmstnyfiyxhiydjxxnfarqfc/Build/Intermediates.noindex/GeneratedModuleMaps-iphonesimulator/FirebaseAuthInterop.modulemap -Xcc -fmodule-map-file\=/Users/kamakshi/Library/Developer/Xcode/DerivedData/LUMA-hbxbhmstnyfiyxhiydjxxnfarqfc/Build/Intermediates.noindex/GeneratedModuleMaps-iphonesimulator/GoogleUtilities-NSData.modulemap -Xcc -fmodule-map-file\=/Users/kamakshi/Library/Developer/Xcode/DerivedData/LUMA-hbxbhmstnyfiyxhiydjxxnfarqfc/Build/Intermediates.noindex/GeneratedModuleMaps-iphonesimulator/GoogleUtilities-Environment.modulemap -Xcc -fmodule-map-file\=/Users/kamakshi/Library/Developer/Xcode/DerivedData/LUMA-hbxbhmstnyfiyxhiydjxxnfarqfc/Build/Intermediates.noindex/GeneratedModuleMaps-iphonesimulator/third-party-IsAppEncrypted.modulemap -Xcc -fmodule-map-file\=/Users/kamakshi/Library/Developer/Xcode/DerivedData/LUMA-hbxbhmstnyfiyxhiydjxxnfarqfc/Build/Intermediates.noindex/GeneratedModuleMaps-iphonesimulator/GoogleUtilities-Logger.modulemap -Xcc -fmodule-map-file\=/Users/kamakshi/Library/Developer/Xcode/DerivedData/LUMA-hbxbhmstnyfiyxhiydjxxnfarqfc/Build/Intermediates.noindex/GeneratedModuleMaps-iphonesimulator/abslWrapper.modulemap -Xcc -fmodule-map-file\=/Users/kamakshi/Library/Developer/Xcode/DerivedData/LUMA-hbxbhmstnyfiyxhiydjxxnfarqfc/Build/Intermediates.noindex/GeneratedModuleMaps-iphonesimulator/opensslWrapper.modulemap -Xcc -fmodule-map-file\=/Users/kamakshi/Library/Developer/Xcode/DerivedData/LUMA-hbxbhmstnyfiyxhiydjxxnfarqfc/Build/Intermediates.noindex/GeneratedModuleMaps-iphonesimulator/grpcWrapper.modulemap -Xcc -fmodule-map-file\=/Users/kamakshi/Library/Developer/Xcode/DerivedData/LUMA-hbxbhmstnyfiyxhiydjxxnfarqfc/Build/Intermediates.noindex/GeneratedModuleMaps-iphonesimulator/grpcppWrapper.modulemap -Xcc -fmodule-map-file\=/Users/kamakshi/Library/Developer/Xcode/DerivedData/LUMA-hbxbhmstnyfiyxhiydjxxnfarqfc/Build/Intermediates.noindex/GeneratedModuleMaps-iphonesimulator/nanopb.modulemap -Xcc -fmodule-map-file\=/Users/kamakshi/Library/Developer/Xcode/DerivedData/LUMA-hbxbhmstnyfiyxhiydjxxnfarqfc/Build/Intermediates.noindex/GeneratedModuleMaps-iphonesimulator/leveldb.modulemap -Xcc -fmodule-map-file\=/Users/kamakshi/Library/Developer/Xcode/DerivedData/LUMA-hbxbhmstnyfiyxhiydjxxnfarqfc/Build/Intermediates.noindex/GeneratedModuleMaps-iphonesimulator/FirebaseCoreExtension.modulemap -Xcc -fmodule-map-file\=/Users/kamakshi/Library/Developer/Xcode/DerivedData/LUMA-hbxbhmstnyfiyxhiydjxxnfarqfc/Build/Intermediates.noindex/GeneratedModuleMaps-iphonesimulator/FirebaseCore.modulemap -Xcc -fmodule-map-file\=/Users/kamakshi/Library/Developer/Xcode/DerivedData/LUMA-hbxbhmstnyfiyxhiydjxxnfarqfc/Build/Intermediates.noindex/GeneratedModuleMaps-iphonesimulator/FirebaseAppCheckInterop.modulemap -Xcc -fmodule-map-file\=/Users/kamakshi/Library/Developer/Xcode/DerivedData/LUMA-hbxbhmstnyfiyxhiydjxxnfarqfc/Build/Intermediates.noindex/GeneratedModuleMaps-iphonesimulator/FirebaseFirestoreInternalWrapper.modulemap -Xcc -fmodule-map-file\=/Users/kamakshi/Library/Developer/Xcode/DerivedData/LUMA-hbxbhmstnyfiyxhiydjxxnfarqfc/Build/Intermediates.noindex/GeneratedModuleMaps-iphonesimulator/FirebaseFirestoreTarget.modulemap -default-isolation\=MainActor -enable-bare-slash-regex -enable-upcoming-feature DisableOutwardActorInference -enable-upcoming-feature InferSendableFromCaptures -enable-upcoming-feature GlobalActorIsolatedTypesUsability -enable-upcoming-feature MemberImportVisibility -enable-upcoming-feature InferIsolatedConformances -enable-upcoming-feature NonisolatedNonsendingByDefault -enable-experimental-feature DebugDescriptionMacro -sdk /Applications/Xcode.app/Contents/Developer/Platforms/iPhoneSimulator.platform/Developer/SDKs/iPhoneSimulator26.5.sdk -target arm64-apple-ios26.4-simulator -g -module-cache-path /Users/kamakshi/Library/Developer/Xcode/DerivedData/ModuleCache.noindex -Xfrontend -serialize-debugging-options -enable-testing -index-store-path /Users/kamakshi/Library/Developer/Xcode/DerivedData/LUMA-hbxbhmstnyfiyxhiydjxxnfarqfc/Index.noindex/DataStore -Xcc -D_LIBCPP_HARDENING_MODE\=_LIBCPP_HARDENING_MODE_DEBUG -swift-version 5 -I /Users/kamakshi/Library/Developer/Xcode/DerivedData/LUMA-hbxbhmstnyfiyxhiydjxxnfarqfc/Build/Products/Debug-iphonesimulator -F /Users/kamakshi/Library/Developer/Xcode/DerivedData/LUMA-hbxbhmstnyfiyxhiydjxxnfarqfc/Build/Products/Debug-iphonesimulator/PackageFrameworks -F /Users/kamakshi/Library/Developer/Xcode/DerivedData/LUMA-hbxbhmstnyfiyxhiydjxxnfarqfc/Build/Products/Debug-iphonesimulator/PackageFrameworks -F /Users/kamakshi/Library/Developer/Xcode/DerivedData/LUMA-hbxbhmstnyfiyxhiydjxxnfarqfc/Build/Products/Debug-iphonesimulator/PackageFrameworks -F /Users/kamakshi/Library/Developer/Xcode/DerivedData/LUMA-hbxbhmstnyfiyxhiydjxxnfarqfc/Build/Products/Debug-iphonesimulator/PackageFrameworks -F /Users/kamakshi/Library/Developer/Xcode/DerivedData/LUMA-hbxbhmstnyfiyxhiydjxxnfarqfc/Build/Products/Debug-iphonesimulator/PackageFrameworks -F /Users/kamakshi/Library/Developer/Xcode/DerivedData/LUMA-hbxbhmstnyfiyxhiydjxxnfarqfc/Build/Products/Debug-iphonesimulator/PackageFrameworks -F /Users/kamakshi/Library/Developer/Xcode/DerivedData/LUMA-hbxbhmstnyfiyxhiydjxxnfarqfc/Build/Products/Debug-iphonesimulator/PackageFrameworks -F /Users/kamakshi/Library/Developer/Xcode/DerivedData/LUMA-hbxbhmstnyfiyxhiydjxxnfarqfc/Build/Products/Debug-iphonesimulator/PackageFrameworks -F /Users/kamakshi/Library/Developer/Xcode/DerivedData/LUMA-hbxbhmstnyfiyxhiydjxxnfarqfc/Build/Products/Debug-iphonesimulator/PackageFrameworks -F /Users/kamakshi/Library/Developer/Xcode/DerivedData/LUMA-hbxbhmstnyfiyxhiydjxxnfarqfc/Build/Products/Debug-iphonesimulator/PackageFrameworks -F /Users/kamakshi/Library/Developer/Xcode/DerivedData/LUMA-hbxbhmstnyfiyxhiydjxxnfarqfc/Build/Products/Debug-iphonesimulator/PackageFrameworks -F /Users/kamakshi/Library/Developer/Xcode/DerivedData/LUMA-hbxbhmstnyfiyxhiydjxxnfarqfc/Build/Products/Debug-iphonesimulator/PackageFrameworks -F /Users/kamakshi/Library/Developer/Xcode/DerivedData/LUMA-hbxbhmstnyfiyxhiydjxxnfarqfc/Build/Products/Debug-iphonesimulator/PackageFrameworks -F /Users/kamakshi/Library/Developer/Xcode/DerivedData/LUMA-hbxbhmstnyfiyxhiydjxxnfarqfc/Build/Products/Debug-iphonesimulator/PackageFrameworks -F /Users/kamakshi/Library/Developer/Xcode/DerivedData/LUMA-hbxbhmstnyfiyxhiydjxxnfarqfc/Build/Products/Debug-iphonesimulator/PackageFrameworks -F /Users/kamakshi/Library/Developer/Xcode/DerivedData/LUMA-hbxbhmstnyfiyxhiydjxxnfarqfc/Build/Products/Debug-iphonesimulator/PackageFrameworks -F /Users/kamakshi/Library/Developer/Xcode/DerivedData/LUMA-hbxbhmstnyfiyxhiydjxxnfarqfc/Build/Products/Debug-iphonesimulator/PackageFrameworks -F /Users/kamakshi/Library/Developer/Xcode/DerivedData/LUMA-hbxbhmstnyfiyxhiydjxxnfarqfc/Build/Products/Debug-iphonesimulator/PackageFrameworks -F /Users/kamakshi/Library/Developer/Xcode/DerivedData/LUMA-hbxbhmstnyfiyxhiydjxxnfarqfc/Build/Products/Debug-iphonesimulator/PackageFrameworks -F /Users/kamakshi/Library/Developer/Xcode/DerivedData/LUMA-hbxbhmstnyfiyxhiydjxxnfarqfc/Build/Products/Debug-iphonesimulator/PackageFrameworks -F /Users/kamakshi/Library/Developer/Xcode/DerivedData/LUMA-hbxbhmstnyfiyxhiydjxxnfarqfc/Build/Products/Debug-iphonesimulator/PackageFrameworks -F /Users/kamakshi/Library/Developer/Xcode/DerivedData/LUMA-hbxbhmstnyfiyxhiydjxxnfarqfc/Build/Products/Debug-iphonesimulator/PackageFrameworks -F /Users/kamakshi/Library/Developer/Xcode/DerivedData/LUMA-hbxbhmstnyfiyxhiydjxxnfarqfc/Build/Products/Debug-iphonesimulator/PackageFrameworks -F /Users/kamakshi/Library/Developer/Xcode/DerivedData/LUMA-hbxbhmstnyfiyxhiydjxxnfarqfc/Build/Products/Debug-iphonesimulator/PackageFrameworks -F /Users/kamakshi/Library/Developer/Xcode/DerivedData/LUMA-hbxbhmstnyfiyxhiydjxxnfarqfc/Build/Products/Debug-iphonesimulator/PackageFrameworks -F /Users/kamakshi/Library/Developer/Xcode/DerivedData/LUMA-hbxbhmstnyfiyxhiydjxxnfarqfc/Build/Products/Debug-iphonesimulator/PackageFrameworks -F /Users/kamakshi/Library/Developer/Xcode/DerivedData/LUMA-hbxbhmstnyfiyxhiydjxxnfarqfc/Build/Products/Debug-iphonesimulator/PackageFrameworks -F /Users/kamakshi/Library/Developer/Xcode/DerivedData/LUMA-hbxbhmstnyfiyxhiydjxxnfarqfc/Build/Products/Debug-iphonesimulator -emit-localized-strings -emit-localized-strings-path /Users/kamakshi/Library/Developer/Xcode/DerivedData/LUMA-hbxbhmstnyfiyxhiydjxxnfarqfc/Build/Intermediates.noindex/LUMA.build/Debug-iphonesimulator/LUMA.build/Objects-normal/arm64 -c -j10 -enable-batch-mode -incremental -Xcc -ivfsstatcache -Xcc /Users/kamakshi/Library/Developer/Xcode/DerivedData/SDKStatCaches.noindex/iphonesimulator26.5-23F73-6cfe768891a92b912361537c460fe42b.sdkstatcache -output-file-map /Users/kamakshi/Library/Developer/Xcode/DerivedData/LUMA-hbxbhmstnyfiyxhiydjxxnfarqfc/Build/Intermediates.noindex/LUMA.build/Debug-iphonesimulator/LUMA.build/Objects-normal/arm64/LUMA-OutputFileMap.json -use-frontend-parseable-output -save-temps -no-color-diagnostics -explicit-module-build -module-cache-path /Users/kamakshi/Library/Developer/Xcode/DerivedData/LUMA-hbxbhmstnyfiyxhiydjxxnfarqfc/Build/Intermediates.noindex/SwiftExplicitPrecompiledModules -clang-scanner-module-cache-path /Users/kamakshi/Library/Developer/Xcode/DerivedData/ModuleCache.noindex -sdk-module-cache-path /Users/kamakshi/Library/Developer/Xcode/DerivedData/ModuleCache.noindex -serialize-diagnostics -emit-dependencies -emit-module -emit-module-path /Users/kamakshi/Library/Developer/Xcode/DerivedData/LUMA-hbxbhmstnyfiyxhiydjxxnfarqfc/Build/Intermediates.noindex/LUMA.build/Debug-iphonesimulator/LUMA.build/Objects-normal/arm64/LUMA.swiftmodule -validate-clang-modules-once -clang-build-session-file /Users/kamakshi/Library/Developer/Xcode/DerivedData/ModuleCache.noindex/Session.modulevalidation -Xcc -I/Users/kamakshi/Library/Developer/Xcode/DerivedData/LUMA-hbxbhmstnyfiyxhiydjxxnfarqfc/Build/Intermediates.noindex/LUMA.build/Debug-iphonesimulator/LUMA.build/swift-overrides.hmap -emit-const-values -Xfrontend -const-gather-protocols-file -Xfrontend /Users/kamakshi/Library/Developer/Xcode/DerivedData/LUMA-hbxbhmstnyfiyxhiydjxxnfarqfc/Build/Intermediates.noindex/LUMA.build/Debug-iphonesimulator/LUMA.build/Objects-normal/arm64/LUMA_const_extract_protocols.json -Xcc -iquote -Xcc /Users/kamakshi/Library/Developer/Xcode/DerivedData/LUMA-hbxbhmstnyfiyxhiydjxxnfarqfc/Build/Intermediates.noindex/LUMA.build/Debug-iphonesimulator/LUMA.build/LUMA-generated-files.hmap -Xcc -I/Users/kamakshi/Library/Developer/Xcode/DerivedData/LUMA-hbxbhmstnyfiyxhiydjxxnfarqfc/Build/Intermediates.noindex/LUMA.build/Debug-iphonesimulator/LUMA.build/LUMA-own-target-headers.hmap -Xcc -I/Users/kamakshi/Library/Developer/Xcode/DerivedData/LUMA-hbxbhmstnyfiyxhiydjxxnfarqfc/Build/Intermediates.noindex/LUMA.build/Debug-iphonesimulator/LUMA.build/LUMA-all-non-framework-target-headers.hmap -Xcc -ivfsoverlay -Xcc /Users/kamakshi/Library/Developer/Xcode/DerivedData/LUMA-hbxbhmstnyfiyxhiydjxxnfarqfc/Build/Intermediates.noindex/LUMA.build/Debug-iphonesimulator/LUMA-1e1417eacbfce0eeab0ed6b9dbef906b-VFS-iphonesimulator/all-product-headers.yaml -Xcc -iquote -Xcc /Users/kamakshi/Library/Developer/Xcode/DerivedData/LUMA-hbxbhmstnyfiyxhiydjxxnfarqfc/Build/Intermediates.noindex/LUMA.build/Debug-iphonesimulator/LUMA.build/LUMA-project-headers.hmap -Xcc -I/Users/kamakshi/Library/Developer/Xcode/DerivedData/LUMA-hbxbhmstnyfiyxhiydjxxnfarqfc/SourcePackages/checkouts/interop-ios-for-google-sdks/RecaptchaEnterprise/RecaptchaInterop/Public -Xcc -I/Users/kamakshi/Library/Developer/Xcode/DerivedData/LUMA-hbxbhmstnyfiyxhiydjxxnfarqfc/SourcePackages/checkouts/GoogleUtilities/GoogleUtilities/Network/Public -Xcc -I/Users/kamakshi/Library/Developer/Xcode/DerivedData/LUMA-hbxbhmstnyfiyxhiydjxxnfarqfc/SourcePackages/checkouts/GoogleUtilities/GoogleUtilities/Reachability/Public -Xcc -I/Users/kamakshi/Library/Developer/Xcode/DerivedData/LUMA-hbxbhmstnyfiyxhiydjxxnfarqfc/SourcePackages/checkouts/GoogleUtilities/GoogleUtilities/AppDelegateSwizzler/Public -Xcc -I/Users/kamakshi/Library/Developer/Xcode/DerivedData/LUMA-hbxbhmstnyfiyxhiydjxxnfarqfc/SourcePackages/checkouts/gtm-session-fetcher/Sources/Core/Public -Xcc -I/Users/kamakshi/Library/Developer/Xcode/DerivedData/LUMA-hbxbhmstnyfiyxhiydjxxnfarqfc/SourcePackages/checkouts/firebase-ios-sdk/FirebaseAuth/Sources/Public -Xcc -I/Users/kamakshi/Library/Developer/Xcode/DerivedData/LUMA-hbxbhmstnyfiyxhiydjxxnfarqfc/SourcePackages/checkouts/firebase-ios-sdk/FirebaseAuth/Interop/Public -Xcc -I/Users/kamakshi/Library/Developer/Xcode/DerivedData/LUMA-hbxbhmstnyfiyxhiydjxxnfarqfc/SourcePackages/checkouts/GoogleUtilities/GoogleUtilities/NSData+zlib/Public -Xcc -I/Users/kamakshi/Library/Developer/Xcode/DerivedData/LUMA-hbxbhmstnyfiyxhiydjxxnfarqfc/SourcePackages/checkouts/GoogleUtilities/GoogleUtilities/Environment/Public -Xcc -I/Users/kamakshi/Library/Developer/Xcode/DerivedData/LUMA-hbxbhmstnyfiyxhiydjxxnfarqfc/SourcePackages/checkouts/GoogleUtilities/third_party/IsAppEncrypted/Public -Xcc -I/Users/kamakshi/Library/Developer/Xcode/DerivedData/LUMA-hbxbhmstnyfiyxhiydjxxnfarqfc/SourcePackages/checkouts/GoogleUtilities/GoogleUtilities/Logger/Public -Xcc -I/Users/kamakshi/Library/Developer/Xcode/DerivedData/LUMA-hbxbhmstnyfiyxhiydjxxnfarqfc/SourcePackages/checkouts/abseil-cpp-binary/absl-Wrapper/include -Xcc -I/Users/kamakshi/Library/Developer/Xcode/DerivedData/LUMA-hbxbhmstnyfiyxhiydjxxnfarqfc/SourcePackages/checkouts/grpc-binary/openssl-grpc-Wrapper/include -Xcc -I/Users/kamakshi/Library/Developer/Xcode/DerivedData/LUMA-hbxbhmstnyfiyxhiydjxxnfarqfc/SourcePackages/checkouts/grpc-binary/grpc-Wrapper/include -Xcc -I/Users/kamakshi/Library/Developer/Xcode/DerivedData/LUMA-hbxbhmstnyfiyxhiydjxxnfarqfc/SourcePackages/checkouts/grpc-binary/grpcpp-Wrapper/include -Xcc -I/Users/kamakshi/Library/Developer/Xcode/DerivedData/LUMA-hbxbhmstnyfiyxhiydjxxnfarqfc/SourcePackages/checkouts/nanopb/spm_headers -Xcc -I/Users/kamakshi/Library/Developer/Xcode/DerivedData/LUMA-hbxbhmstnyfiyxhiydjxxnfarqfc/SourcePackages/checkouts/leveldb/include -Xcc -I/Users/kamakshi/Library/Developer/Xcode/DerivedData/LUMA-hbxbhmstnyfiyxhiydjxxnfarqfc/SourcePackages/checkouts/firebase-ios-sdk/FirebaseCore/Extension -Xcc -I/Users/kamakshi/Library/Developer/Xcode/DerivedData/LUMA-hbxbhmstnyfiyxhiydjxxnfarqfc/SourcePackages/checkouts/firebase-ios-sdk/FirebaseCore/Sources/Public -Xcc -I/Users/kamakshi/Library/Developer/Xcode/DerivedData/LUMA-hbxbhmstnyfiyxhiydjxxnfarqfc/SourcePackages/checkouts/firebase-ios-sdk/CoreOnly/Sources -Xcc -I/Users/kamakshi/Library/Developer/Xcode/DerivedData/LUMA-hbxbhmstnyfiyxhiydjxxnfarqfc/SourcePackages/checkouts/firebase-ios-sdk/FirebaseAppCheck/Interop/Public -Xcc -I/Users/kamakshi/Library/Developer/Xcode/DerivedData/LUMA-hbxbhmstnyfiyxhiydjxxnfarqfc/SourcePackages/checkouts/firebase-ios-sdk/FirebaseFirestoreInternal -Xcc -I/Users/kamakshi/Library/Developer/Xcode/DerivedData/LUMA-hbxbhmstnyfiyxhiydjxxnfarqfc/SourcePackages/checkouts/firebase-ios-sdk/SwiftPM-PlatformExclude/FirebaseFirestoreWrap/include -Xcc -I/Users/kamakshi/Library/Developer/Xcode/DerivedData/LUMA-hbxbhmstnyfiyxhiydjxxnfarqfc/Build/Products/Debug-iphonesimulator/include -Xcc -I/Users/kamakshi/Library/Developer/Xcode/DerivedData/LUMA-hbxbhmstnyfiyxhiydjxxnfarqfc/Build/Intermediates.noindex/LUMA.build/Debug-iphonesimulator/LUMA.build/DerivedSources-normal/arm64 -Xcc -I/Users/kamakshi/Library/Developer/Xcode/DerivedData/LUMA-hbxbhmstnyfiyxhiydjxxnfarqfc/Build/Intermediates.noindex/LUMA.build/Debug-iphonesimulator/LUMA.build/DerivedSources/arm64 -Xcc -I/Users/kamakshi/Library/Developer/Xcode/DerivedData/LUMA-hbxbhmstnyfiyxhiydjxxnfarqfc/Build/Intermediates.noindex/LUMA.build/Debug-iphonesimulator/LUMA.build/DerivedSources -Xcc -DDEBUG\=1 -emit-objc-header -emit-objc-header-path /Users/kamakshi/Library/Developer/Xcode/DerivedData/LUMA-hbxbhmstnyfiyxhiydjxxnfarqfc/Build/Intermediates.noindex/LUMA.build/Debug-iphonesimulator/LUMA.build/Objects-normal/arm64/LUMA-Swift.h -working-directory /Users/kamakshi/Documents/GitHub/Luma_App -experimental-emit-module-separately -disable-cmo

SwiftDriver LUMA normal x86_64 com.apple.xcode.tools.swift.compiler (in target 'LUMA' from project 'LUMA')
    cd /Users/kamakshi/Documents/GitHub/Luma_App
    builtin-SwiftDriver -- /Applications/Xcode.app/Contents/Developer/Toolchains/XcodeDefault.xctoolchain/usr/bin/swiftc -module-name LUMA -Onone @/Users/kamakshi/Library/Developer/Xcode/DerivedData/LUMA-hbxbhmstnyfiyxhiydjxxnfarqfc/Build/Intermediates.noindex/LUMA.build/Debug-iphonesimulator/LUMA.build/Objects-normal/x86_64/LUMA.SwiftFileList -DDEBUG -Xcc -fmodule-map-file\=/Users/kamakshi/Library/Developer/Xcode/DerivedData/LUMA-hbxbhmstnyfiyxhiydjxxnfarqfc/Build/Intermediates.noindex/GeneratedModuleMaps-iphonesimulator/RecaptchaInterop.modulemap -Xcc -fmodule-map-file\=/Users/kamakshi/Library/Developer/Xcode/DerivedData/LUMA-hbxbhmstnyfiyxhiydjxxnfarqfc/Build/Intermediates.noindex/GeneratedModuleMaps-iphonesimulator/GoogleUtilities-Network.modulemap -Xcc -fmodule-map-file\=/Users/kamakshi/Library/Developer/Xcode/DerivedData/LUMA-hbxbhmstnyfiyxhiydjxxnfarqfc/Build/Intermediates.noindex/GeneratedModuleMaps-iphonesimulator/GoogleUtilities-Reachability.modulemap -Xcc -fmodule-map-file\=/Users/kamakshi/Library/Developer/Xcode/DerivedData/LUMA-hbxbhmstnyfiyxhiydjxxnfarqfc/Build/Intermediates.noindex/GeneratedModuleMaps-iphonesimulator/GoogleUtilities-AppDelegateSwizzler.modulemap -Xcc -fmodule-map-file\=/Users/kamakshi/Library/Developer/Xcode/DerivedData/LUMA-hbxbhmstnyfiyxhiydjxxnfarqfc/Build/Intermediates.noindex/GeneratedModuleMaps-iphonesimulator/GTMSessionFetcherCore.modulemap -Xcc -fmodule-map-file\=/Users/kamakshi/Library/Developer/Xcode/DerivedData/LUMA-hbxbhmstnyfiyxhiydjxxnfarqfc/Build/Intermediates.noindex/GeneratedModuleMaps-iphonesimulator/FirebaseAuthInternal.modulemap -Xcc -fmodule-map-file\=/Users/kamakshi/Library/Developer/Xcode/DerivedData/LUMA-hbxbhmstnyfiyxhiydjxxnfarqfc/Build/Intermediates.noindex/GeneratedModuleMaps-iphonesimulator/FirebaseAuthInterop.modulemap -Xcc -fmodule-map-file\=/Users/kamakshi/Library/Developer/Xcode/DerivedData/LUMA-hbxbhmstnyfiyxhiydjxxnfarqfc/Build/Intermediates.noindex/GeneratedModuleMaps-iphonesimulator/GoogleUtilities-NSData.modulemap -Xcc -fmodule-map-file\=/Users/kamakshi/Library/Developer/Xcode/DerivedData/LUMA-hbxbhmstnyfiyxhiydjxxnfarqfc/Build/Intermediates.noindex/GeneratedModuleMaps-iphonesimulator/GoogleUtilities-Environment.modulemap -Xcc -fmodule-map-file\=/Users/kamakshi/Library/Developer/Xcode/DerivedData/LUMA-hbxbhmstnyfiyxhiydjxxnfarqfc/Build/Intermediates.noindex/GeneratedModuleMaps-iphonesimulator/third-party-IsAppEncrypted.modulemap -Xcc -fmodule-map-file\=/Users/kamakshi/Library/Developer/Xcode/DerivedData/LUMA-hbxbhmstnyfiyxhiydjxxnfarqfc/Build/Intermediates.noindex/GeneratedModuleMaps-iphonesimulator/GoogleUtilities-Logger.modulemap -Xcc -fmodule-map-file\=/Users/kamakshi/Library/Developer/Xcode/DerivedData/LUMA-hbxbhmstnyfiyxhiydjxxnfarqfc/Build/Intermediates.noindex/GeneratedModuleMaps-iphonesimulator/abslWrapper.modulemap -Xcc -fmodule-map-file\=/Users/kamakshi/Library/Developer/Xcode/DerivedData/LUMA-hbxbhmstnyfiyxhiydjxxnfarqfc/Build/Intermediates.noindex/GeneratedModuleMaps-iphonesimulator/opensslWrapper.modulemap -Xcc -fmodule-map-file\=/Users/kamakshi/Library/Developer/Xcode/DerivedData/LUMA-hbxbhmstnyfiyxhiydjxxnfarqfc/Build/Intermediates.noindex/GeneratedModuleMaps-iphonesimulator/grpcWrapper.modulemap -Xcc -fmodule-map-file\=/Users/kamakshi/Library/Developer/Xcode/DerivedData/LUMA-hbxbhmstnyfiyxhiydjxxnfarqfc/Build/Intermediates.noindex/GeneratedModuleMaps-iphonesimulator/grpcppWrapper.modulemap -Xcc -fmodule-map-file\=/Users/kamakshi/Library/Developer/Xcode/DerivedData/LUMA-hbxbhmstnyfiyxhiydjxxnfarqfc/Build/Intermediates.noindex/GeneratedModuleMaps-iphonesimulator/nanopb.modulemap -Xcc -fmodule-map-file\=/Users/kamakshi/Library/Developer/Xcode/DerivedData/LUMA-hbxbhmstnyfiyxhiydjxxnfarqfc/Build/Intermediates.noindex/GeneratedModuleMaps-iphonesimulator/leveldb.modulemap -Xcc -fmodule-map-file\=/Users/kamakshi/Library/Developer/Xcode/DerivedData/LUMA-hbxbhmstnyfiyxhiydjxxnfarqfc/Build/Intermediates.noindex/GeneratedModuleMaps-iphonesimulator/FirebaseCoreExtension.modulemap -Xcc -fmodule-map-file\=/Users/kamakshi/Library/Developer/Xcode/DerivedData/LUMA-hbxbhmstnyfiyxhiydjxxnfarqfc/Build/Intermediates.noindex/GeneratedModuleMaps-iphonesimulator/FirebaseCore.modulemap -Xcc -fmodule-map-file\=/Users/kamakshi/Library/Developer/Xcode/DerivedData/LUMA-hbxbhmstnyfiyxhiydjxxnfarqfc/Build/Intermediates.noindex/GeneratedModuleMaps-iphonesimulator/FirebaseAppCheckInterop.modulemap -Xcc -fmodule-map-file\=/Users/kamakshi/Library/Developer/Xcode/DerivedData/LUMA-hbxbhmstnyfiyxhiydjxxnfarqfc/Build/Intermediates.noindex/GeneratedModuleMaps-iphonesimulator/FirebaseFirestoreInternalWrapper.modulemap -Xcc -fmodule-map-file\=/Users/kamakshi/Library/Developer/Xcode/DerivedData/LUMA-hbxbhmstnyfiyxhiydjxxnfarqfc/Build/Intermediates.noindex/GeneratedModuleMaps-iphonesimulator/FirebaseFirestoreTarget.modulemap -default-isolation\=MainActor -enable-bare-slash-regex -enable-upcoming-feature DisableOutwardActorInference -enable-upcoming-feature InferSendableFromCaptures -enable-upcoming-feature GlobalActorIsolatedTypesUsability -enable-upcoming-feature MemberImportVisibility -enable-upcoming-feature InferIsolatedConformances -enable-upcoming-feature NonisolatedNonsendingByDefault -enable-experimental-feature DebugDescriptionMacro -sdk /Applications/Xcode.app/Contents/Developer/Platforms/iPhoneSimulator.platform/Developer/SDKs/iPhoneSimulator26.5.sdk -target x86_64-apple-ios26.4-simulator -g -module-cache-path /Users/kamakshi/Library/Developer/Xcode/DerivedData/ModuleCache.noindex -Xfrontend -serialize-debugging-options -enable-testing -index-store-path /Users/kamakshi/Library/Developer/Xcode/DerivedData/LUMA-hbxbhmstnyfiyxhiydjxxnfarqfc/Index.noindex/DataStore -Xcc -D_LIBCPP_HARDENING_MODE\=_LIBCPP_HARDENING_MODE_DEBUG -swift-version 5 -I /Users/kamakshi/Library/Developer/Xcode/DerivedData/LUMA-hbxbhmstnyfiyxhiydjxxnfarqfc/Build/Products/Debug-iphonesimulator -F /Users/kamakshi/Library/Developer/Xcode/DerivedData/LUMA-hbxbhmstnyfiyxhiydjxxnfarqfc/Build/Products/Debug-iphonesimulator/PackageFrameworks -F /Users/kamakshi/Library/Developer/Xcode/DerivedData/LUMA-hbxbhmstnyfiyxhiydjxxnfarqfc/Build/Products/Debug-iphonesimulator/PackageFrameworks -F /Users/kamakshi/Library/Developer/Xcode/DerivedData/LUMA-hbxbhmstnyfiyxhiydjxxnfarqfc/Build/Products/Debug-iphonesimulator/PackageFrameworks -F /Users/kamakshi/Library/Developer/Xcode/DerivedData/LUMA-hbxbhmstnyfiyxhiydjxxnfarqfc/Build/Products/Debug-iphonesimulator/PackageFrameworks -F /Users/kamakshi/Library/Developer/Xcode/DerivedData/LUMA-hbxbhmstnyfiyxhiydjxxnfarqfc/Build/Products/Debug-iphonesimulator/PackageFrameworks -F /Users/kamakshi/Library/Developer/Xcode/DerivedData/LUMA-hbxbhmstnyfiyxhiydjxxnfarqfc/Build/Products/Debug-iphonesimulator/PackageFrameworks -F /Users/kamakshi/Library/Developer/Xcode/DerivedData/LUMA-hbxbhmstnyfiyxhiydjxxnfarqfc/Build/Products/Debug-iphonesimulator/PackageFrameworks -F /Users/kamakshi/Library/Developer/Xcode/DerivedData/LUMA-hbxbhmstnyfiyxhiydjxxnfarqfc/Build/Products/Debug-iphonesimulator/PackageFrameworks -F /Users/kamakshi/Library/Developer/Xcode/DerivedData/LUMA-hbxbhmstnyfiyxhiydjxxnfarqfc/Build/Products/Debug-iphonesimulator/PackageFrameworks -F /Users/kamakshi/Library/Developer/Xcode/DerivedData/LUMA-hbxbhmstnyfiyxhiydjxxnfarqfc/Build/Products/Debug-iphonesimulator/PackageFrameworks -F /Users/kamakshi/Library/Developer/Xcode/DerivedData/LUMA-hbxbhmstnyfiyxhiydjxxnfarqfc/Build/Products/Debug-iphonesimulator/PackageFrameworks -F /Users/kamakshi/Library/Developer/Xcode/DerivedData/LUMA-hbxbhmstnyfiyxhiydjxxnfarqfc/Build/Products/Debug-iphonesimulator/PackageFrameworks -F /Users/kamakshi/Library/Developer/Xcode/DerivedData/LUMA-hbxbhmstnyfiyxhiydjxxnfarqfc/Build/Products/Debug-iphonesimulator/PackageFrameworks -F /Users/kamakshi/Library/Developer/Xcode/DerivedData/LUMA-hbxbhmstnyfiyxhiydjxxnfarqfc/Build/Products/Debug-iphonesimulator/PackageFrameworks -F /Users/kamakshi/Library/Developer/Xcode/DerivedData/LUMA-hbxbhmstnyfiyxhiydjxxnfarqfc/Build/Products/Debug-iphonesimulator/PackageFrameworks -F /Users/kamakshi/Library/Developer/Xcode/DerivedData/LUMA-hbxbhmstnyfiyxhiydjxxnfarqfc/Build/Products/Debug-iphonesimulator/PackageFrameworks -F /Users/kamakshi/Library/Developer/Xcode/DerivedData/LUMA-hbxbhmstnyfiyxhiydjxxnfarqfc/Build/Products/Debug-iphonesimulator/PackageFrameworks -F /Users/kamakshi/Library/Developer/Xcode/DerivedData/LUMA-hbxbhmstnyfiyxhiydjxxnfarqfc/Build/Products/Debug-iphonesimulator/PackageFrameworks -F /Users/kamakshi/Library/Developer/Xcode/DerivedData/LUMA-hbxbhmstnyfiyxhiydjxxnfarqfc/Build/Products/Debug-iphonesimulator/PackageFrameworks -F /Users/kamakshi/Library/Developer/Xcode/DerivedData/LUMA-hbxbhmstnyfiyxhiydjxxnfarqfc/Build/Products/Debug-iphonesimulator/PackageFrameworks -F /Users/kamakshi/Library/Developer/Xcode/DerivedData/LUMA-hbxbhmstnyfiyxhiydjxxnfarqfc/Build/Products/Debug-iphonesimulator/PackageFrameworks -F /Users/kamakshi/Library/Developer/Xcode/DerivedData/LUMA-hbxbhmstnyfiyxhiydjxxnfarqfc/Build/Products/Debug-iphonesimulator/PackageFrameworks -F /Users/kamakshi/Library/Developer/Xcode/DerivedData/LUMA-hbxbhmstnyfiyxhiydjxxnfarqfc/Build/Products/Debug-iphonesimulator/PackageFrameworks -F /Users/kamakshi/Library/Developer/Xcode/DerivedData/LUMA-hbxbhmstnyfiyxhiydjxxnfarqfc/Build/Products/Debug-iphonesimulator/PackageFrameworks -F /Users/kamakshi/Library/Developer/Xcode/DerivedData/LUMA-hbxbhmstnyfiyxhiydjxxnfarqfc/Build/Products/Debug-iphonesimulator/PackageFrameworks -F /Users/kamakshi/Library/Developer/Xcode/DerivedData/LUMA-hbxbhmstnyfiyxhiydjxxnfarqfc/Build/Products/Debug-iphonesimulator/PackageFrameworks -F /Users/kamakshi/Library/Developer/Xcode/DerivedData/LUMA-hbxbhmstnyfiyxhiydjxxnfarqfc/Build/Products/Debug-iphonesimulator/PackageFrameworks -F /Users/kamakshi/Library/Developer/Xcode/DerivedData/LUMA-hbxbhmstnyfiyxhiydjxxnfarqfc/Build/Products/Debug-iphonesimulator -emit-localized-strings -emit-localized-strings-path /Users/kamakshi/Library/Developer/Xcode/DerivedData/LUMA-hbxbhmstnyfiyxhiydjxxnfarqfc/Build/Intermediates.noindex/LUMA.build/Debug-iphonesimulator/LUMA.build/Objects-normal/x86_64 -c -j10 -enable-batch-mode -incremental -Xcc -ivfsstatcache -Xcc /Users/kamakshi/Library/Developer/Xcode/DerivedData/SDKStatCaches.noindex/iphonesimulator26.5-23F73-6cfe768891a92b912361537c460fe42b.sdkstatcache -output-file-map /Users/kamakshi/Library/Developer/Xcode/DerivedData/LUMA-hbxbhmstnyfiyxhiydjxxnfarqfc/Build/Intermediates.noindex/LUMA.build/Debug-iphonesimulator/LUMA.build/Objects-normal/x86_64/LUMA-OutputFileMap.json -use-frontend-parseable-output -save-temps -no-color-diagnostics -explicit-module-build -module-cache-path /Users/kamakshi/Library/Developer/Xcode/DerivedData/LUMA-hbxbhmstnyfiyxhiydjxxnfarqfc/Build/Intermediates.noindex/SwiftExplicitPrecompiledModules -clang-scanner-module-cache-path /Users/kamakshi/Library/Developer/Xcode/DerivedData/ModuleCache.noindex -sdk-module-cache-path /Users/kamakshi/Library/Developer/Xcode/DerivedData/ModuleCache.noindex -serialize-diagnostics -emit-dependencies -emit-module -emit-module-path /Users/kamakshi/Library/Developer/Xcode/DerivedData/LUMA-hbxbhmstnyfiyxhiydjxxnfarqfc/Build/Intermediates.noindex/LUMA.build/Debug-iphonesimulator/LUMA.build/Objects-normal/x86_64/LUMA.swiftmodule -validate-clang-modules-once -clang-build-session-file /Users/kamakshi/Library/Developer/Xcode/DerivedData/ModuleCache.noindex/Session.modulevalidation -Xcc -I/Users/kamakshi/Library/Developer/Xcode/DerivedData/LUMA-hbxbhmstnyfiyxhiydjxxnfarqfc/Build/Intermediates.noindex/LUMA.build/Debug-iphonesimulator/LUMA.build/swift-overrides.hmap -emit-const-values -Xfrontend -const-gather-protocols-file -Xfrontend /Users/kamakshi/Library/Developer/Xcode/DerivedData/LUMA-hbxbhmstnyfiyxhiydjxxnfarqfc/Build/Intermediates.noindex/LUMA.build/Debug-iphonesimulator/LUMA.build/Objects-normal/x86_64/LUMA_const_extract_protocols.json -Xcc -iquote -Xcc /Users/kamakshi/Library/Developer/Xcode/DerivedData/LUMA-hbxbhmstnyfiyxhiydjxxnfarqfc/Build/Intermediates.noindex/LUMA.build/Debug-iphonesimulator/LUMA.build/LUMA-generated-files.hmap -Xcc -I/Users/kamakshi/Library/Developer/Xcode/DerivedData/LUMA-hbxbhmstnyfiyxhiydjxxnfarqfc/Build/Intermediates.noindex/LUMA.build/Debug-iphonesimulator/LUMA.build/LUMA-own-target-headers.hmap -Xcc -I/Users/kamakshi/Library/Developer/Xcode/DerivedData/LUMA-hbxbhmstnyfiyxhiydjxxnfarqfc/Build/Intermediates.noindex/LUMA.build/Debug-iphonesimulator/LUMA.build/LUMA-all-non-framework-target-headers.hmap -Xcc -ivfsoverlay -Xcc /Users/kamakshi/Library/Developer/Xcode/DerivedData/LUMA-hbxbhmstnyfiyxhiydjxxnfarqfc/Build/Intermediates.noindex/LUMA.build/Debug-iphonesimulator/LUMA-1e1417eacbfce0eeab0ed6b9dbef906b-VFS-iphonesimulator/all-product-headers.yaml -Xcc -iquote -Xcc /Users/kamakshi/Library/Developer/Xcode/DerivedData/LUMA-hbxbhmstnyfiyxhiydjxxnfarqfc/Build/Intermediates.noindex/LUMA.build/Debug-iphonesimulator/LUMA.build/LUMA-project-headers.hmap -Xcc -I/Users/kamakshi/Library/Developer/Xcode/DerivedData/LUMA-hbxbhmstnyfiyxhiydjxxnfarqfc/SourcePackages/checkouts/interop-ios-for-google-sdks/RecaptchaEnterprise/RecaptchaInterop/Public -Xcc -I/Users/kamakshi/Library/Developer/Xcode/DerivedData/LUMA-hbxbhmstnyfiyxhiydjxxnfarqfc/SourcePackages/checkouts/GoogleUtilities/GoogleUtilities/Network/Public -Xcc -I/Users/kamakshi/Library/Developer/Xcode/DerivedData/LUMA-hbxbhmstnyfiyxhiydjxxnfarqfc/SourcePackages/checkouts/GoogleUtilities/GoogleUtilities/Reachability/Public -Xcc -I/Users/kamakshi/Library/Developer/Xcode/DerivedData/LUMA-hbxbhmstnyfiyxhiydjxxnfarqfc/SourcePackages/checkouts/GoogleUtilities/GoogleUtilities/AppDelegateSwizzler/Public -Xcc -I/Users/kamakshi/Library/Developer/Xcode/DerivedData/LUMA-hbxbhmstnyfiyxhiydjxxnfarqfc/SourcePackages/checkouts/gtm-session-fetcher/Sources/Core/Public -Xcc -I/Users/kamakshi/Library/Developer/Xcode/DerivedData/LUMA-hbxbhmstnyfiyxhiydjxxnfarqfc/SourcePackages/checkouts/firebase-ios-sdk/FirebaseAuth/Sources/Public -Xcc -I/Users/kamakshi/Library/Developer/Xcode/DerivedData/LUMA-hbxbhmstnyfiyxhiydjxxnfarqfc/SourcePackages/checkouts/firebase-ios-sdk/FirebaseAuth/Interop/Public -Xcc -I/Users/kamakshi/Library/Developer/Xcode/DerivedData/LUMA-hbxbhmstnyfiyxhiydjxxnfarqfc/SourcePackages/checkouts/GoogleUtilities/GoogleUtilities/NSData+zlib/Public -Xcc -I/Users/kamakshi/Library/Developer/Xcode/DerivedData/LUMA-hbxbhmstnyfiyxhiydjxxnfarqfc/SourcePackages/checkouts/GoogleUtilities/GoogleUtilities/Environment/Public -Xcc -I/Users/kamakshi/Library/Developer/Xcode/DerivedData/LUMA-hbxbhmstnyfiyxhiydjxxnfarqfc/SourcePackages/checkouts/GoogleUtilities/third_party/IsAppEncrypted/Public -Xcc -I/Users/kamakshi/Library/Developer/Xcode/DerivedData/LUMA-hbxbhmstnyfiyxhiydjxxnfarqfc/SourcePackages/checkouts/GoogleUtilities/GoogleUtilities/Logger/Public -Xcc -I/Users/kamakshi/Library/Developer/Xcode/DerivedData/LUMA-hbxbhmstnyfiyxhiydjxxnfarqfc/SourcePackages/checkouts/abseil-cpp-binary/absl-Wrapper/include -Xcc -I/Users/kamakshi/Library/Developer/Xcode/DerivedData/LUMA-hbxbhmstnyfiyxhiydjxxnfarqfc/SourcePackages/checkouts/grpc-binary/openssl-grpc-Wrapper/include -Xcc -I/Users/kamakshi/Library/Developer/Xcode/DerivedData/LUMA-hbxbhmstnyfiyxhiydjxxnfarqfc/SourcePackages/checkouts/grpc-binary/grpc-Wrapper/include -Xcc -I/Users/kamakshi/Library/Developer/Xcode/DerivedData/LUMA-hbxbhmstnyfiyxhiydjxxnfarqfc/SourcePackages/checkouts/grpc-binary/grpcpp-Wrapper/include -Xcc -I/Users/kamakshi/Library/Developer/Xcode/DerivedData/LUMA-hbxbhmstnyfiyxhiydjxxnfarqfc/SourcePackages/checkouts/nanopb/spm_headers -Xcc -I/Users/kamakshi/Library/Developer/Xcode/DerivedData/LUMA-hbxbhmstnyfiyxhiydjxxnfarqfc/SourcePackages/checkouts/leveldb/include -Xcc -I/Users/kamakshi/Library/Developer/Xcode/DerivedData/LUMA-hbxbhmstnyfiyxhiydjxxnfarqfc/SourcePackages/checkouts/firebase-ios-sdk/FirebaseCore/Extension -Xcc -I/Users/kamakshi/Library/Developer/Xcode/DerivedData/LUMA-hbxbhmstnyfiyxhiydjxxnfarqfc/SourcePackages/checkouts/firebase-ios-sdk/FirebaseCore/Sources/Public -Xcc -I/Users/kamakshi/Library/Developer/Xcode/DerivedData/LUMA-hbxbhmstnyfiyxhiydjxxnfarqfc/SourcePackages/checkouts/firebase-ios-sdk/CoreOnly/Sources -Xcc -I/Users/kamakshi/Library/Developer/Xcode/DerivedData/LUMA-hbxbhmstnyfiyxhiydjxxnfarqfc/SourcePackages/checkouts/firebase-ios-sdk/FirebaseAppCheck/Interop/Public -Xcc -I/Users/kamakshi/Library/Developer/Xcode/DerivedData/LUMA-hbxbhmstnyfiyxhiydjxxnfarqfc/SourcePackages/checkouts/firebase-ios-sdk/FirebaseFirestoreInternal -Xcc -I/Users/kamakshi/Library/Developer/Xcode/DerivedData/LUMA-hbxbhmstnyfiyxhiydjxxnfarqfc/SourcePackages/checkouts/firebase-ios-sdk/SwiftPM-PlatformExclude/FirebaseFirestoreWrap/include -Xcc -I/Users/kamakshi/Library/Developer/Xcode/DerivedData/LUMA-hbxbhmstnyfiyxhiydjxxnfarqfc/Build/Products/Debug-iphonesimulator/include -Xcc -I/Users/kamakshi/Library/Developer/Xcode/DerivedData/LUMA-hbxbhmstnyfiyxhiydjxxnfarqfc/Build/Intermediates.noindex/LUMA.build/Debug-iphonesimulator/LUMA.build/DerivedSources-normal/x86_64 -Xcc -I/Users/kamakshi/Library/Developer/Xcode/DerivedData/LUMA-hbxbhmstnyfiyxhiydjxxnfarqfc/Build/Intermediates.noindex/LUMA.build/Debug-iphonesimulator/LUMA.build/DerivedSources/x86_64 -Xcc -I/Users/kamakshi/Library/Developer/Xcode/DerivedData/LUMA-hbxbhmstnyfiyxhiydjxxnfarqfc/Build/Intermediates.noindex/LUMA.build/Debug-iphonesimulator/LUMA.build/DerivedSources -Xcc -DDEBUG\=1 -emit-objc-header -emit-objc-header-path /Users/kamakshi/Library/Developer/Xcode/DerivedData/LUMA-hbxbhmstnyfiyxhiydjxxnfarqfc/Build/Intermediates.noindex/LUMA.build/Debug-iphonesimulator/LUMA.build/Objects-normal/x86_64/LUMA-Swift.h -working-directory /Users/kamakshi/Documents/GitHub/Luma_App -experimental-emit-module-separately -disable-cmo

SwiftEmitModule normal x86_64 Emitting\ module\ for\ LUMA (in target 'LUMA' from project 'LUMA')

EmitSwiftModule normal x86_64 (in target 'LUMA' from project 'LUMA')
    cd /Users/kamakshi/Documents/GitHub/Luma_App
    

SwiftCompile normal x86_64 Compiling\ MySpaceView.swift /Users/kamakshi/Documents/GitHub/Luma_App/LUMA/MySpace\ Tab/MySpaceView.swift (in target 'LUMA' from project 'LUMA')
Failed frontend command:
/Applications/Xcode.app/Contents/Developer/Toolchains/XcodeDefault.xctoolchain/usr/bin/swift-frontend -frontend -c /Users/kamakshi/Documents/GitHub/Luma_App/LUMA/AI/HealthKnowledgeService.swift /Users/kamakshi/Documents/GitHub/Luma_App/LUMA/AI/PromptBuilder.swift /Users/kamakshi/Documents/GitHub/Luma_App/LUMA/AI/WomenHealthChatbot.swift /Users/kamakshi/Documents/GitHub/Luma_App/LUMA/AskLuma\ Button/AskLumaView.swift /Users/kamakshi/Documents/GitHub/Luma_App/LUMA/AskLuma\ Button/ChatBubble.swift /Users/kamakshi/Documents/GitHub/Luma_App/LUMA/BodyMap/BodyMapData.swift /Users/kamakshi/Documents/GitHub/Luma_App/LUMA/BodyMap/BodyMapView.swift /Users/kamakshi/Documents/GitHub/Luma_App/LUMA/BodyMap/BodyZoneDetailView.swift /Users/kamakshi/Documents/GitHub/Luma_App/LUMA/DailyChallenge/BreathingExerciseView.swift /Users/kamakshi/Documents/GitHub/Luma_App/LUMA/DailyChallenge/DailyChallengeData.swift /Users/kamakshi/Documents/GitHub/Luma_App/LUMA/DailyChallenge/DailyChallengeModels.swift /Users/kamakshi/Documents/GitHub/Luma_App/LUMA/DailyChallenge/DailyChallengeView.swift /Users/kamakshi/Documents/GitHub/Luma_App/LUMA/DailyChallenge/StreakTrackerView.swift /Users/kamakshi/Documents/GitHub/Luma_App/LUMA/GuidedJourney/CheckpointView.swift /Users/kamakshi/Documents/GitHub/Luma_App/LUMA/GuidedJourney/LumaGuideAvatar.swift /Users/kamakshi/Documents/GitHub/Luma_App/LUMA/LifeStage\ detail\ /MenopauseContent.swift /Users/kamakshi/Documents/GitHub/Luma_App/LUMA/LifeStage\ detail\ /PerimenopauseContent.swift /Users/kamakshi/Documents/GitHub/Luma_App/LUMA/LifeStage\ detail\ /PostMenopauseContent\ .swift /Users/kamakshi/Documents/GitHub/Luma_App/LUMA/LifeStage\ detail\ /PrePubertyContent.swift /Users/kamakshi/Documents/GitHub/Luma_App/LUMA/LifeStage\ detail\ /PubertyContent.swift /Users/kamakshi/Documents/GitHub/Luma_App/LUMA/LifeStage\ detail\ /ReproductiveContent.swift /Users/kamakshi/Documents/GitHub/Luma_App/LUMA/Model/ChatMessage.swift /Users/kamakshi/Documents/GitHub/Luma_App/LUMA/Model/DailyLog.swift /Users/kamakshi/Documents/GitHub/Luma_App/LUMA/Model/HealthItem.swift /Users/kamakshi/Documents/GitHub/Luma_App/LUMA/Model/LifeStage\ .swift /Users/kamakshi/Documents/GitHub/Luma_App/LUMA/Model/LumaTab.swift /Users/kamakshi/Documents/GitHub/Luma_App/LUMA/Model/MiniInsight.swift /Users/kamakshi/Documents/GitHub/Luma_App/LUMA/Model/MythFact.swift /Users/kamakshi/Documents/GitHub/Luma_App/LUMA/Model/NormalTopic.swift /Users/kamakshi/Documents/GitHub/Luma_App/LUMA/Model/PopularQuestion.swift /Users/kamakshi/Documents/GitHub/Luma_App/LUMA/Model/RevealContentModel.swift /Users/kamakshi/Documents/GitHub/Luma_App/LUMA/Model/StageCondition.swift /Users/kamakshi/Documents/GitHub/Luma_App/LUMA/Model/StageContent.swift /Users/kamakshi/Documents/GitHub/Luma_App/LUMA/Model/WeeklyInsight.swift /Users/kamakshi/Documents/GitHub/Luma_App/LUMA/Model/WeeklyPatternSummary.swift /Users/kamakshi/Documents/GitHub/Luma_App/LUMA/MySpace\ Tab/LumaInsightEngine.swift -primary-file /Users/kamakshi/Documents/GitHub/Luma_App/LUMA/MySpace\ Tab/MySpaceView.swift /Users/kamakshi/Documents/GitHub/Luma_App/LUMA/MySpace\ Tab/StageRisk.swift /Users/kamakshi/Documents/GitHub/Luma_App/LUMA/MySpace\ Tab/SymptomLog.swift /Users/kamakshi/Documents/GitHub/Luma_App/LUMA/MySpace\ Tab/SymptomStore.swift /Users/kamakshi/Documents/GitHub/Luma_App/LUMA/MySpace\ Tab/SymptomTrackerView.swift /Users/kamakshi/Documents/GitHub/Luma_App/LUMA/Phases\ Tab/ConditionCard.swift /Users/kamakshi/Documents/GitHub/Luma_App/LUMA/Phases\ Tab/ConditionDetailSheet.swift /Users/kamakshi/Documents/GitHub/Luma_App/LUMA/Phases\ Tab/InteractivePlaygroundView.swift /Users/kamakshi/Documents/GitHub/Luma_App/LUMA/Phases\ Tab/LifeStage+Content.swift /Users/kamakshi/Documents/GitHub/Luma_App/LUMA/Phases\ Tab/LifeStageDetailView.swift /Users/kamakshi/Documents/GitHub/Luma_App/LUMA/Phases\ Tab/PhasesView.swift /Users/kamakshi/Documents/GitHub/Luma_App/LUMA/Phases\ Tab/StageUIComponents.swift /Users/kamakshi/Documents/GitHub/Luma_App/LUMA/Reveal\ Tab/ConcernDetail.swift /Users/kamakshi/Documents/GitHub/Luma_App/LUMA/Reveal\ Tab/DecodedContentLoader.swift /Users/kamakshi/Documents/GitHub/Luma_App/LUMA/Reveal\ Tab/LumaAIEngine.swift /Users/kamakshi/Documents/GitHub/Luma_App/LUMA/Reveal\ Tab/PopularQuestionSheet.swift /Users/kamakshi/Documents/GitHub/Luma_App/LUMA/Reveal\ Tab/RevealView.swift /Users/kamakshi/Documents/GitHub/Luma_App/LUMA/Scenarios/ScenarioData.swift /Users/kamakshi/Documents/GitHub/Luma_App/LUMA/Scenarios/ScenarioGameView.swift /Users/kamakshi/Documents/GitHub/Luma_App/LUMA/Scenarios/ScenarioModels.swift /Users/kamakshi/Documents/GitHub/Luma_App/LUMA/StoryEngine/StoryCharacterView.swift /Users/kamakshi/Documents/GitHub/Luma_App/LUMA/StoryEngine/StoryData.swift /Users/kamakshi/Documents/GitHub/Luma_App/LUMA/StoryEngine/StoryModels.swift /Users/kamakshi/Documents/GitHub/Luma_App/LUMA/StoryEngine/StoryPlayerView.swift /Users/kamakshi/Documents/GitHub/Luma_App/LUMA/WeeklyInsights/WeeklyInsightManager.swift /Users/kamakshi/Documents/GitHub/Luma_App/LUMA/ContentView.swift /Users/kamakshi/Documents/GitHub/Luma_App/LUMA/GlobalInfoButton.swift /Users/kamakshi/Documents/GitHub/Luma_App/LUMA/InfoSheetView.swift /Users/kamakshi/Documents/GitHub/Luma_App/LUMA/LaunchView\ .swift /Users/kamakshi/Documents/GitHub/Luma_App/LUMA/LoginView.swift /Users/kamakshi/Documents/GitHub/Luma_App/LUMA/LUMAApp.swift /Users/kamakshi/Documents/GitHub/Luma_App/LUMA/LumaCard.swift /Users/kamakshi/Documents/GitHub/Luma_App/LUMA/LumaTheme\ .swift /Users/kamakshi/Documents/GitHub/Luma_App/LUMA/MainTabView.swift /Users/kamakshi/Documents/GitHub/Luma_App/LUMA/OTPVerificationView.swift /Users/kamakshi/Documents/GitHub/Luma_App/LUMA/ProfileView.swift /Users/kamakshi/Documents/GitHub/Luma_App/LUMA/SignUpView.swift /Users/kamakshi/Documents/GitHub/Luma_App/LUMA/StartYourJourneyView.swift /Users/kamakshi/Library/Developer/Xcode/DerivedData/LUMA-hbxbhmstnyfiyxhiydjxxnfarqfc/Build/Intermediates.noindex/LUMA.build/Debug-iphonesimulator/LUMA.build/DerivedSources/GeneratedAssetSymbols.swift -emit-dependencies-path /Users/kamakshi/Library/Developer/Xcode/DerivedData/LUMA-hbxbhmstnyfiyxhiydjxxnfarqfc/Build/Intermediates.noindex/LUMA.build/Debug-iphonesimulator/LUMA.build/Objects-normal/x86_64/MySpaceView.d -emit-const-values-path /Users/kamakshi/Library/Developer/Xcode/DerivedData/LUMA-hbxbhmstnyfiyxhiydjxxnfarqfc/Build/Intermediates.noindex/LUMA.build/Debug-iphonesimulator/LUMA.build/Objects-normal/x86_64/MySpaceView.swiftconstvalues -emit-reference-dependencies-path /Users/kamakshi/Library/Developer/Xcode/DerivedData/LUMA-hbxbhmstnyfiyxhiydjxxnfarqfc/Build/Intermediates.noindex/LUMA.build/Debug-iphonesimulator/LUMA.build/Objects-normal/x86_64/MySpaceView.swiftdeps -serialize-diagnostics-path /Users/kamakshi/Library/Developer/Xcode/DerivedData/LUMA-hbxbhmstnyfiyxhiydjxxnfarqfc/Build/Intermediates.noindex/LUMA.build/Debug-iphonesimulator/LUMA.build/Objects-normal/x86_64/MySpaceView.dia -emit-localized-strings -emit-localized-strings-path /Users/kamakshi/Library/Developer/Xcode/DerivedData/LUMA-hbxbhmstnyfiyxhiydjxxnfarqfc/Build/Intermediates.noindex/LUMA.build/Debug-iphonesimulator/LUMA.build/Objects-normal/x86_64 -target x86_64-apple-ios26.4-simulator -module-can-import-version DeveloperToolsSupport 23.40.26 23.40.26 -module-can-import-version SwiftUI 7.5.3 7.5.3 -module-can-import-version UIKit 9126.5.5.2 9126.5.5 -load-resolved-plugin /Applications/Xcode.app/Contents/Developer/Platforms/iPhoneOS.platform/Developer/usr/lib/swift/host/plugins/libFoundationMacros.dylib\#/Applications/Xcode.app/Contents/Developer/Platforms/iPhoneOS.platform/Developer/usr/bin/swift-plugin-server\#FoundationMacros -load-resolved-plugin /Applications/Xcode.app/Contents/Developer/Platforms/iPhoneOS.platform/Developer/usr/lib/swift/host/plugins/libFoundationModelsMacros.dylib\#/Applications/Xcode.app/Contents/Developer/Platforms/iPhoneOS.platform/Developer/usr/bin/swift-plugin-server\#FoundationModelsMacros -load-resolved-plugin /Applications/Xcode.app/Contents/Developer/Platforms/iPhoneOS.platform/Developer/usr/lib/swift/host/plugins/libObservationMacros.dylib\#/Applications/Xcode.app/Contents/Developer/Platforms/iPhoneOS.platform/Developer/usr/bin/swift-plugin-server\#ObservationMacros -load-resolved-plugin /Applications/Xcode.app/Contents/Developer/Platforms/iPhoneOS.platform/Developer/usr/lib/swift/host/plugins/libPreviewsMacros.dylib\#/Applications/Xcode.app/Contents/Developer/Platforms/iPhoneOS.platform/Developer/usr/bin/swift-plugin-server\#PreviewsMacros -load-resolved-plugin /Applications/Xcode.app/Contents/Developer/Platforms/iPhoneOS.platform/Developer/usr/lib/swift/host/plugins/libSwiftMacros.dylib\#/Applications/Xcode.app/Contents/Developer/Platforms/iPhoneOS.platform/Developer/usr/bin/swift-plugin-server\#SwiftMacros -load-resolved-plugin /Applications/Xcode.app/Contents/Developer/Platforms/iPhoneOS.platform/Developer/usr/lib/swift/host/plugins/libSwiftUIMacros.dylib\#/Applications/Xcode.app/Contents/Developer/Platforms/iPhoneOS.platform/Developer/usr/bin/swift-plugin-server\#SwiftUIMacros -disable-implicit-swift-modules -Xcc -fno-implicit-modules -Xcc -fno-implicit-module-maps -explicit-swift-module-map-file /Users/kamakshi/Library/Developer/Xcode/DerivedData/LUMA-hbxbhmstnyfiyxhiydjxxnfarqfc/Build/Intermediates.noindex/LUMA.build/Debug-iphonesimulator/LUMA.build/Objects-normal/x86_64/LUMA-dependencies-1.json -debug-module-path /Users/kamakshi/Library/Developer/Xcode/DerivedData/LUMA-hbxbhmstnyfiyxhiydjxxnfarqfc/Build/Intermediates.noindex/LUMA.build/Debug-iphonesimulator/LUMA.build/Objects-normal/x86_64/LUMA.swiftmodule -enable-objc-interop -sdk /Applications/Xcode.app/Contents/Developer/Platforms/iPhoneSimulator.platform/Developer/SDKs/iPhoneSimulator26.5.sdk -I /Users/kamakshi/Library/Developer/Xcode/DerivedData/LUMA-hbxbhmstnyfiyxhiydjxxnfarqfc/Build/Products/Debug-iphonesimulator -F /Users/kamakshi/Library/Developer/Xcode/DerivedData/LUMA-hbxbhmstnyfiyxhiydjxxnfarqfc/Build/Products/Debug-iphonesimulator/PackageFrameworks -F /Users/kamakshi/Library/Developer/Xcode/DerivedData/LUMA-hbxbhmstnyfiyxhiydjxxnfarqfc/Build/Products/Debug-iphonesimulator/PackageFrameworks -F /Users/kamakshi/Library/Developer/Xcode/DerivedData/LUMA-hbxbhmstnyfiyxhiydjxxnfarqfc/Build/Products/Debug-iphonesimulator/PackageFrameworks -F /Users/kamakshi/Library/Developer/Xcode/DerivedData/LUMA-hbxbhmstnyfiyxhiydjxxnfarqfc/Build/Products/Debug-iphonesimulator/PackageFrameworks -F /Users/kamakshi/Library/Developer/Xcode/DerivedData/LUMA-hbxbhmstnyfiyxhiydjxxnfarqfc/Build/Products/Debug-iphonesimulator/PackageFrameworks -F /Users/kamakshi/Library/Developer/Xcode/DerivedData/LUMA-hbxbhmstnyfiyxhiydjxxnfarqfc/Build/Products/Debug-iphonesimulator/PackageFrameworks -F /Users/kamakshi/Library/Developer/Xcode/DerivedData/LUMA-hbxbhmstnyfiyxhiydjxxnfarqfc/Build/Products/Debug-iphonesimulator/PackageFrameworks -F /Users/kamakshi/Library/Developer/Xcode/DerivedData/LUMA-hbxbhmstnyfiyxhiydjxxnfarqfc/Build/Products/Debug-iphonesimulator/PackageFrameworks -F /Users/kamakshi/Library/Developer/Xcode/DerivedData/LUMA-hbxbhmstnyfiyxhiydjxxnfarqfc/Build/Products/Debug-iphonesimulator/PackageFrameworks -F /Users/kamakshi/Library/Developer/Xcode/DerivedData/LUMA-hbxbhmstnyfiyxhiydjxxnfarqfc/Build/Products/Debug-iphonesimulator/PackageFrameworks -F /Users/kamakshi/Library/Developer/Xcode/DerivedData/LUMA-hbxbhmstnyfiyxhiydjxxnfarqfc/Build/Products/Debug-iphonesimulator/PackageFrameworks -F /Users/kamakshi/Library/Developer/Xcode/DerivedData/LUMA-hbxbhmstnyfiyxhiydjxxnfarqfc/Build/Products/Debug-iphonesimulator/PackageFrameworks -F /Users/kamakshi/Library/Developer/Xcode/DerivedData/LUMA-hbxbhmstnyfiyxhiydjxxnfarqfc/Build/Products/Debug-iphonesimulator/PackageFrameworks -F /Users/kamakshi/Library/Developer/Xcode/DerivedData/LUMA-hbxbhmstnyfiyxhiydjxxnfarqfc/Build/Products/Debug-iphonesimulator/PackageFrameworks -F /Users/kamakshi/Library/Developer/Xcode/DerivedData/LUMA-hbxbhmstnyfiyxhiydjxxnfarqfc/Build/Products/Debug-iphonesimulator/PackageFrameworks -F /Users/kamakshi/Library/Developer/Xcode/DerivedData/LUMA-hbxbhmstnyfiyxhiydjxxnfarqfc/Build/Products/Debug-iphonesimulator/PackageFrameworks -F /Users/kamakshi/Library/Developer/Xcode/DerivedData/LUMA-hbxbhmstnyfiyxhiydjxxnfarqfc/Build/Products/Debug-iphonesimulator/PackageFrameworks -F /Users/kamakshi/Library/Developer/Xcode/DerivedData/LUMA-hbxbhmstnyfiyxhiydjxxnfarqfc/Build/Products/Debug-iphonesimulator/PackageFrameworks -F /Users/kamakshi/Library/Developer/Xcode/DerivedData/LUMA-hbxbhmstnyfiyxhiydjxxnfarqfc/Build/Products/Debug-iphonesimulator/PackageFrameworks -F /Users/kamakshi/Library/Developer/Xcode/DerivedData/LUMA-hbxbhmstnyfiyxhiydjxxnfarqfc/Build/Products/Debug-iphonesimulator/PackageFrameworks -F /Users/kamakshi/Library/Developer/Xcode/DerivedData/LUMA-hbxbhmstnyfiyxhiydjxxnfarqfc/Build/Products/Debug-iphonesimulator/PackageFrameworks -F /Users/kamakshi/Library/Developer/Xcode/DerivedData/LUMA-hbxbhmstnyfiyxhiydjxxnfarqfc/Build/Products/Debug-iphonesimulator/PackageFrameworks -F /Users/kamakshi/Library/Developer/Xcode/DerivedData/LUMA-hbxbhmstnyfiyxhiydjxxnfarqfc/Build/Products/Debug-iphonesimulator/PackageFrameworks -F /Users/kamakshi/Library/Developer/Xcode/DerivedData/LUMA-hbxbhmstnyfiyxhiydjxxnfarqfc/Build/Products/Debug-iphonesimulator/PackageFrameworks -F /Users/kamakshi/Library/Developer/Xcode/DerivedData/LUMA-hbxbhmstnyfiyxhiydjxxnfarqfc/Build/Products/Debug-iphonesimulator/PackageFrameworks -F /Users/kamakshi/Library/Developer/Xcode/DerivedData/LUMA-hbxbhmstnyfiyxhiydjxxnfarqfc/Build/Products/Debug-iphonesimulator/PackageFrameworks -F /Users/kamakshi/Library/Developer/Xcode/DerivedData/LUMA-hbxbhmstnyfiyxhiydjxxnfarqfc/Build/Products/Debug-iphonesimulator/PackageFrameworks -F /Users/kamakshi/Library/Developer/Xcode/DerivedData/LUMA-hbxbhmstnyfiyxhiydjxxnfarqfc/Build/Products/Debug-iphonesimulator -no-color-diagnostics -Xcc -fno-color-diagnostics -enable-testing -g -debug-info-format\=dwarf -dwarf-version\=5 -module-cache-path /Users/kamakshi/Library/Developer/Xcode/DerivedData/LUMA-hbxbhmstnyfiyxhiydjxxnfarqfc/Build/Intermediates.noindex/SwiftExplicitPrecompiledModules -swift-version 5 -Onone -D DEBUG -serialize-debugging-options -const-gather-protocols-file /Users/kamakshi/Library/Developer/Xcode/DerivedData/LUMA-hbxbhmstnyfiyxhiydjxxnfarqfc/Build/Intermediates.noindex/LUMA.build/Debug-iphonesimulator/LUMA.build/Objects-normal/x86_64/LUMA_const_extract_protocols.json -enable-upcoming-feature DisableOutwardActorInference -enable-upcoming-feature InferSendableFromCaptures -enable-upcoming-feature GlobalActorIsolatedTypesUsability -enable-upcoming-feature MemberImportVisibility -enable-upcoming-feature InferIsolatedConformances -enable-upcoming-feature NonisolatedNonsendingByDefault -enable-experimental-feature DebugDescriptionMacro -enable-bare-slash-regex -default-isolation\=MainActor -empty-abi-descriptor -validate-clang-modules-once -clang-build-session-file /Users/kamakshi/Library/Developer/Xcode/DerivedData/ModuleCache.noindex/Session.modulevalidation -Xcc -working-directory -Xcc /Users/kamakshi/Documents/GitHub/Luma_App -enable-anonymous-context-mangled-names -file-compilation-dir /Users/kamakshi/Documents/GitHub/Luma_App -Xcc -fmodule-map-file\=/Users/kamakshi/Library/Developer/Xcode/DerivedData/LUMA-hbxbhmstnyfiyxhiydjxxnfarqfc/Build/Intermediates.noindex/GeneratedModuleMaps-iphonesimulator/RecaptchaInterop.modulemap -Xcc -fmodule-map-file\=/Users/kamakshi/Library/Developer/Xcode/DerivedData/LUMA-hbxbhmstnyfiyxhiydjxxnfarqfc/Build/Intermediates.noindex/GeneratedModuleMaps-iphonesimulator/GoogleUtilities-Network.modulemap -Xcc -fmodule-map-file\=/Users/kamakshi/Library/Developer/Xcode/DerivedData/LUMA-hbxbhmstnyfiyxhiydjxxnfarqfc/Build/Intermediates.noindex/GeneratedModuleMaps-iphonesimulator/GoogleUtilities-Reachability.modulemap -Xcc -fmodule-map-file\=/Users/kamakshi/Library/Developer/Xcode/DerivedData/LUMA-hbxbhmstnyfiyxhiydjxxnfarqfc/Build/Intermediates.noindex/GeneratedModuleMaps-iphonesimulator/GoogleUtilities-AppDelegateSwizzler.modulemap -Xcc -fmodule-map-file\=/Users/kamakshi/Library/Developer/Xcode/DerivedData/LUMA-hbxbhmstnyfiyxhiydjxxnfarqfc/Build/Intermediates.noindex/GeneratedModuleMaps-iphonesimulator/GTMSessionFetcherCore.modulemap -Xcc -fmodule-map-file\=/Users/kamakshi/Library/Developer/Xcode/DerivedData/LUMA-hbxbhmstnyfiyxhiydjxxnfarqfc/Build/Intermediates.noindex/GeneratedModuleMaps-iphonesimulator/FirebaseAuthInternal.modulemap -Xcc -fmodule-map-file\=/Users/kamakshi/Library/Developer/Xcode/DerivedData/LUMA-hbxbhmstnyfiyxhiydjxxnfarqfc/Build/Intermediates.noindex/GeneratedModuleMaps-iphonesimulator/FirebaseAuthInterop.modulemap -Xcc -fmodule-map-file\=/Users/kamakshi/Library/Developer/Xcode/DerivedData/LUMA-hbxbhmstnyfiyxhiydjxxnfarqfc/Build/Intermediates.noindex/GeneratedModuleMaps-iphonesimulator/GoogleUtilities-NSData.modulemap -Xcc -fmodule-map-file\=/Users/kamakshi/Library/Developer/Xcode/DerivedData/LUMA-hbxbhmstnyfiyxhiydjxxnfarqfc/Build/Intermediates.noindex/GeneratedModuleMaps-iphonesimulator/GoogleUtilities-Environment.modulemap -Xcc -fmodule-map-file\=/Users/kamakshi/Library/Developer/Xcode/DerivedData/LUMA-hbxbhmstnyfiyxhiydjxxnfarqfc/Build/Intermediates.noindex/GeneratedModuleMaps-iphonesimulator/third-party-IsAppEncrypted.modulemap -Xcc -fmodule-map-file\=/Users/kamakshi/Library/Developer/Xcode/DerivedData/LUMA-hbxbhmstnyfiyxhiydjxxnfarqfc/Build/Intermediates.noindex/GeneratedModuleMaps-iphonesimulator/GoogleUtilities-Logger.modulemap -Xcc -fmodule-map-file\=/Users/kamakshi/Library/Developer/Xcode/DerivedData/LUMA-hbxbhmstnyfiyxhiydjxxnfarqfc/Build/Intermediates.noindex/GeneratedModuleMaps-iphonesimulator/abslWrapper.modulemap -Xcc -fmodule-map-file\=/Users/kamakshi/Library/Developer/Xcode/DerivedData/LUMA-hbxbhmstnyfiyxhiydjxxnfarqfc/Build/Intermediates.noindex/GeneratedModuleMaps-iphonesimulator/opensslWrapper.modulemap -Xcc -fmodule-map-file\=/Users/kamakshi/Library/Developer/Xcode/DerivedData/LUMA-hbxbhmstnyfiyxhiydjxxnfarqfc/Build/Intermediates.noindex/GeneratedModuleMaps-iphonesimulator/grpcWrapper.modulemap -Xcc -fmodule-map-file\=/Users/kamakshi/Library/Developer/Xcode/DerivedData/LUMA-hbxbhmstnyfiyxhiydjxxnfarqfc/Build/Intermediates.noindex/GeneratedModuleMaps-iphonesimulator/grpcppWrapper.modulemap -Xcc -fmodule-map-file\=/Users/kamakshi/Library/Developer/Xcode/DerivedData/LUMA-hbxbhmstnyfiyxhiydjxxnfarqfc/Build/Intermediates.noindex/GeneratedModuleMaps-iphonesimulator/nanopb.modulemap -Xcc -fmodule-map-file\=/Users/kamakshi/Library/Developer/Xcode/DerivedData/LUMA-hbxbhmstnyfiyxhiydjxxnfarqfc/Build/Intermediates.noindex/GeneratedModuleMaps-iphonesimulator/leveldb.modulemap -Xcc -fmodule-map-file\=/Users/kamakshi/Library/Developer/Xcode/DerivedData/LUMA-hbxbhmstnyfiyxhiydjxxnfarqfc/Build/Intermediates.noindex/GeneratedModuleMaps-iphonesimulator/FirebaseCoreExtension.modulemap -Xcc -fmodule-map-file\=/Users/kamakshi/Library/Developer/Xcode/DerivedData/LUMA-hbxbhmstnyfiyxhiydjxxnfarqfc/Build/Intermediates.noindex/GeneratedModuleMaps-iphonesimulator/FirebaseCore.modulemap -Xcc -fmodule-map-file\=/Users/kamakshi/Library/Developer/Xcode/DerivedData/LUMA-hbxbhmstnyfiyxhiydjxxnfarqfc/Build/Intermediates.noindex/GeneratedModuleMaps-iphonesimulator/FirebaseAppCheckInterop.modulemap -Xcc -fmodule-map-file\=/Users/kamakshi/Library/Developer/Xcode/DerivedData/LUMA-hbxbhmstnyfiyxhiydjxxnfarqfc/Build/Intermediates.noindex/GeneratedModuleMaps-iphonesimulator/FirebaseFirestoreInternalWrapper.modulemap -Xcc -fmodule-map-file\=/Users/kamakshi/Library/Developer/Xcode/DerivedData/LUMA-hbxbhmstnyfiyxhiydjxxnfarqfc/Build/Intermediates.noindex/GeneratedModuleMaps-iphonesimulator/FirebaseFirestoreTarget.modulemap -Xcc -D_LIBCPP_HARDENING_MODE\=_LIBCPP_HARDENING_MODE_DEBUG -Xcc -ivfsstatcache -Xcc /Users/kamakshi/Library/Developer/Xcode/DerivedData/SDKStatCaches.noindex/iphonesimulator26.5-23F73-6cfe768891a92b912361537c460fe42b.sdkstatcache -Xcc -I/Users/kamakshi/Library/Developer/Xcode/DerivedData/LUMA-hbxbhmstnyfiyxhiydjxxnfarqfc/Build/Intermediates.noindex/LUMA.build/Debug-iphonesimulator/LUMA.build/swift-overrides.hmap -Xcc -iquote -Xcc /Users/kamakshi/Library/Developer/Xcode/DerivedData/LUMA-hbxbhmstnyfiyxhiydjxxnfarqfc/Build/Intermediates.noindex/LUMA.build/Debug-iphonesimulator/LUMA.build/LUMA-generated-files.hmap -Xcc -I/Users/kamakshi/Library/Developer/Xcode/DerivedData/LUMA-hbxbhmstnyfiyxhiydjxxnfarqfc/Build/Intermediates.noindex/LUMA.build/Debug-iphonesimulator/LUMA.build/LUMA-own-target-headers.hmap -Xcc -I/Users/kamakshi/Library/Developer/Xcode/DerivedData/LUMA-hbxbhmstnyfiyxhiydjxxnfarqfc/Build/Intermediates.noindex/LUMA.build/Debug-iphonesimulator/LUMA.build/LUMA-all-non-framework-target-headers.hmap -Xcc -ivfsoverlay -Xcc /Users/kamakshi/Library/Developer/Xcode/DerivedData/LUMA-hbxbhmstnyfiyxhiydjxxnfarqfc/Build/Intermediates.noindex/LUMA.build/Debug-iphonesimulator/LUMA-1e1417eacbfce0eeab0ed6b9dbef906b-VFS-iphonesimulator/all-product-headers.yaml -Xcc -iquote -Xcc /Users/kamakshi/Library/Developer/Xcode/DerivedData/LUMA-hbxbhmstnyfiyxhiydjxxnfarqfc/Build/Intermediates.noindex/LUMA.build/Debug-iphonesimulator/LUMA.build/LUMA-project-headers.hmap -Xcc -I/Users/kamakshi/Library/Developer/Xcode/DerivedData/LUMA-hbxbhmstnyfiyxhiydjxxnfarqfc/SourcePackages/checkouts/interop-ios-for-google-sdks/RecaptchaEnterprise/RecaptchaInterop/Public -Xcc -I/Users/kamakshi/Library/Developer/Xcode/DerivedData/LUMA-hbxbhmstnyfiyxhiydjxxnfarqfc/SourcePackages/checkouts/GoogleUtilities/GoogleUtilities/Network/Public -Xcc -I/Users/kamakshi/Library/Developer/Xcode/DerivedData/LUMA-hbxbhmstnyfiyxhiydjxxnfarqfc/SourcePackages/checkouts/GoogleUtilities/GoogleUtilities/Reachability/Public -Xcc -I/Users/kamakshi/Library/Developer/Xcode/DerivedData/LUMA-hbxbhmstnyfiyxhiydjxxnfarqfc/SourcePackages/checkouts/GoogleUtilities/GoogleUtilities/AppDelegateSwizzler/Public -Xcc -I/Users/kamakshi/Library/Developer/Xcode/DerivedData/LUMA-hbxbhmstnyfiyxhiydjxxnfarqfc/SourcePackages/checkouts/gtm-session-fetcher/Sources/Core/Public -Xcc -I/Users/kamakshi/Library/Developer/Xcode/DerivedData/LUMA-hbxbhmstnyfiyxhiydjxxnfarqfc/SourcePackages/checkouts/firebase-ios-sdk/FirebaseAuth/Sources/Public -Xcc -I/Users/kamakshi/Library/Developer/Xcode/DerivedData/LUMA-hbxbhmstnyfiyxhiydjxxnfarqfc/SourcePackages/checkouts/firebase-ios-sdk/FirebaseAuth/Interop/Public -Xcc -I/Users/kamakshi/Library/Developer/Xcode/DerivedData/LUMA-hbxbhmstnyfiyxhiydjxxnfarqfc/SourcePackages/checkouts/GoogleUtilities/GoogleUtilities/NSData+zlib/Public -Xcc -I/Users/kamakshi/Library/Developer/Xcode/DerivedData/LUMA-hbxbhmstnyfiyxhiydjxxnfarqfc/SourcePackages/checkouts/GoogleUtilities/GoogleUtilities/Environment/Public -Xcc -I/Users/kamakshi/Library/Developer/Xcode/DerivedData/LUMA-hbxbhmstnyfiyxhiydjxxnfarqfc/SourcePackages/checkouts/GoogleUtilities/third_party/IsAppEncrypted/Public -Xcc -I/Users/kamakshi/Library/Developer/Xcode/DerivedData/LUMA-hbxbhmstnyfiyxhiydjxxnfarqfc/SourcePackages/checkouts/GoogleUtilities/GoogleUtilities/Logger/Public -Xcc -I/Users/kamakshi/Library/Developer/Xcode/DerivedData/LUMA-hbxbhmstnyfiyxhiydjxxnfarqfc/SourcePackages/checkouts/abseil-cpp-binary/absl-Wrapper/include -Xcc -I/Users/kamakshi/Library/Developer/Xcode/DerivedData/LUMA-hbxbhmstnyfiyxhiydjxxnfarqfc/SourcePackages/checkouts/grpc-binary/openssl-grpc-Wrapper/include -Xcc -I/Users/kamakshi/Library/Developer/Xcode/DerivedData/LUMA-hbxbhmstnyfiyxhiydjxxnfarqfc/SourcePackages/checkouts/grpc-binary/grpc-Wrapper/include -Xcc -I/Users/kamakshi/Library/Developer/Xcode/DerivedData/LUMA-hbxbhmstnyfiyxhiydjxxnfarqfc/SourcePackages/checkouts/grpc-binary/grpcpp-Wrapper/include -Xcc -I/Users/kamakshi/Library/Developer/Xcode/DerivedData/LUMA-hbxbhmstnyfiyxhiydjxxnfarqfc/SourcePackages/checkouts/nanopb/spm_headers -Xcc -I/Users/kamakshi/Library/Developer/Xcode/DerivedData/LUMA-hbxbhmstnyfiyxhiydjxxnfarqfc/SourcePackages/checkouts/leveldb/include -Xcc -I/Users/kamakshi/Library/Developer/Xcode/DerivedData/LUMA-hbxbhmstnyfiyxhiydjxxnfarqfc/SourcePackages/checkouts/firebase-ios-sdk/FirebaseCore/Extension -Xcc -I/Users/kamakshi/Library/Developer/Xcode/DerivedData/LUMA-hbxbhmstnyfiyxhiydjxxnfarqfc/SourcePackages/checkouts/firebase-ios-sdk/FirebaseCore/Sources/Public -Xcc -I/Users/kamakshi/Library/Developer/Xcode/DerivedData/LUMA-hbxbhmstnyfiyxhiydjxxnfarqfc/SourcePackages/checkouts/firebase-ios-sdk/CoreOnly/Sources -Xcc -I/Users/kamakshi/Library/Developer/Xcode/DerivedData/LUMA-hbxbhmstnyfiyxhiydjxxnfarqfc/SourcePackages/checkouts/firebase-ios-sdk/FirebaseAppCheck/Interop/Public -Xcc -I/Users/kamakshi/Library/Developer/Xcode/DerivedData/LUMA-hbxbhmstnyfiyxhiydjxxnfarqfc/SourcePackages/checkouts/firebase-ios-sdk/FirebaseFirestoreInternal -Xcc -I/Users/kamakshi/Library/Developer/Xcode/DerivedData/LUMA-hbxbhmstnyfiyxhiydjxxnfarqfc/SourcePackages/checkouts/firebase-ios-sdk/SwiftPM-PlatformExclude/FirebaseFirestoreWrap/include -Xcc -I/Users/kamakshi/Library/Developer/Xcode/DerivedData/LUMA-hbxbhmstnyfiyxhiydjxxnfarqfc/Build/Products/Debug-iphonesimulator/include -Xcc -I/Users/kamakshi/Library/Developer/Xcode/DerivedData/LUMA-hbxbhmstnyfiyxhiydjxxnfarqfc/Build/Intermediates.noindex/LUMA.build/Debug-iphonesimulator/LUMA.build/DerivedSources-normal/x86_64 -Xcc -I/Users/kamakshi/Library/Developer/Xcode/DerivedData/LUMA-hbxbhmstnyfiyxhiydjxxnfarqfc/Build/Intermediates.noindex/LUMA.build/Debug-iphonesimulator/LUMA.build/DerivedSources/x86_64 -Xcc -I/Users/kamakshi/Library/Developer/Xcode/DerivedData/LUMA-hbxbhmstnyfiyxhiydjxxnfarqfc/Build/Intermediates.noindex/LUMA.build/Debug-iphonesimulator/LUMA.build/DerivedSources -Xcc -DDEBUG\=1 -no-auto-bridging-header-chaining -module-name LUMA -frontend-parseable-output -disable-clang-spi -clang-target x86_64-apple-ios26.5-simulator -target-sdk-version 26.5 -target-sdk-name iphonesimulator26.5 -in-process-plugin-server-path /Applications/Xcode.app/Contents/Developer/Toolchains/XcodeDefault.xctoolchain/usr/lib/swift/host/libSwiftInProcPluginServer.dylib -o /Users/kamakshi/Library/Developer/Xcode/DerivedData/LUMA-hbxbhmstnyfiyxhiydjxxnfarqfc/Build/Intermediates.noindex/LUMA.build/Debug-iphonesimulator/LUMA.build/Objects-normal/x86_64/MySpaceView.o -index-unit-output-path /LUMA.build/Debug-iphonesimulator/LUMA.build/Objects-normal/x86_64/MySpaceView.o -index-store-path /Users/kamakshi/Library/Developer/Xcode/DerivedData/LUMA-hbxbhmstnyfiyxhiydjxxnfarqfc/Index.noindex/DataStore -index-system-modules

SwiftCompile normal x86_64 /Users/kamakshi/Documents/GitHub/Luma_App/LUMA/MySpace\ Tab/MySpaceView.swift (in target 'LUMA' from project 'LUMA')
    cd /Users/kamakshi/Documents/GitHub/Luma_App
    
/Users/kamakshi/Documents/GitHub/Luma_App/LUMA/MySpace Tab/MySpaceView.swift:459:16: error: invalid redeclaration of 'SectionHeader'
private struct SectionHeader: View {
               ^
/Users/kamakshi/Documents/GitHub/Luma_App/LUMA/Phases Tab/ConditionDetailSheet.swift:135:8: note: 'SectionHeader' previously declared here
struct SectionHeader: View {
       ^
/Users/kamakshi/Documents/GitHub/Luma_App/LUMA/Phases Tab/ConditionDetailSheet.swift:135:8: note: 'SectionHeader' previously declared here
struct SectionHeader: View {
       ^
/Users/kamakshi/Documents/GitHub/Luma_App/LUMA/MySpace Tab/MySpaceView.swift:218:26: error: incorrect argument label in call (have 'title:emoji:', expected 'title:icon:')
            SectionHeader(title: "Where I Am", emoji: "🌿")
/Users/kamakshi/Documents/GitHub/Luma_App/LUMA/MySpace Tab/MySpaceView.swift:237:26: error: incorrect argument label in call (have 'title:emoji:', expected 'title:icon:')
            SectionHeader(title: "Weekly Body Insight", emoji: "✨")
/Users/kamakshi/Documents/GitHub/Luma_App/LUMA/MySpace Tab/MySpaceView.swift:295:26: error: incorrect argument label in call (have 'title:emoji:', expected 'title:icon:')
            SectionHeader(title: "Discover", emoji: "🦋")
/Users/kamakshi/Documents/GitHub/Luma_App/LUMA/MySpace Tab/MySpaceView.swift:371:26: error: incorrect argument label in call (have 'title:emoji:', expected 'title:icon:')
            SectionHeader(title: "Things to Watch", emoji: "🩺")
/Users/kamakshi/Documents/GitHub/Luma_App/LUMA/MySpace Tab/MySpaceView.swift:398:26: error: incorrect argument label in call (have 'title:emoji:', expected 'title:icon:')
            SectionHeader(title: "Quick Actions", emoji: "💜")

SwiftEmitModule normal arm64 Emitting\ module\ for\ LUMA (in target 'LUMA' from project 'LUMA')
EmitSwiftModule normal arm64 (in target 'LUMA' from project 'LUMA')
    cd /Users/kamakshi/Documents/GitHub/Luma_App
    

SwiftCompile normal arm64 Compiling\ MySpaceView.swift /Users/kamakshi/Documents/GitHub/Luma_App/LUMA/MySpace\ Tab/MySpaceView.swift (in target 'LUMA' from project 'LUMA')

SwiftCompile normal arm64 /Users/kamakshi/Documents/GitHub/Luma_App/LUMA/MySpace\ Tab/MySpaceView.swift (in target 'LUMA' from project 'LUMA')
    cd /Users/kamakshi/Documents/GitHub/Luma_App
    
/Users/kamakshi/Documents/GitHub/Luma_App/LUMA/MySpace Tab/MySpaceView.swift:459:16: error: invalid redeclaration of 'SectionHeader'
private struct SectionHeader: View {
               ^
/Users/kamakshi/Documents/GitHub/Luma_App/LUMA/Phases Tab/ConditionDetailSheet.swift:135:8: note: 'SectionHeader' previously declared here
struct SectionHeader: View {
       ^
/Users/kamakshi/Documents/GitHub/Luma_App/LUMA/Phases Tab/ConditionDetailSheet.swift:135:8: note: 'SectionHeader' previously declared here
struct SectionHeader: View {
       ^
/Users/kamakshi/Documents/GitHub/Luma_App/LUMA/MySpace Tab/MySpaceView.swift:218:26: error: incorrect argument label in call (have 'title:emoji:', expected 'title:icon:')
            SectionHeader(title: "Where I Am", emoji: "🌿")
/Users/kamakshi/Documents/GitHub/Luma_App/LUMA/MySpace Tab/MySpaceView.swift:237:26: error: incorrect argument label in call (have 'title:emoji:', expected 'title:icon:')
            SectionHeader(title: "Weekly Body Insight", emoji: "✨")
/Users/kamakshi/Documents/GitHub/Luma_App/LUMA/MySpace Tab/MySpaceView.swift:295:26: error: incorrect argument label in call (have 'title:emoji:', expected 'title:icon:')
            SectionHeader(title: "Discover", emoji: "🦋")
/Users/kamakshi/Documents/GitHub/Luma_App/LUMA/MySpace Tab/MySpaceView.swift:371:26: error: incorrect argument label in call (have 'title:emoji:', expected 'title:icon:')
            SectionHeader(title: "Things to Watch", emoji: "🩺")
/Users/kamakshi/Documents/GitHub/Luma_App/LUMA/MySpace Tab/MySpaceView.swift:398:26: error: incorrect argument label in call (have 'title:emoji:', expected 'title:icon:')
            SectionHeader(title: "Quick Actions", emoji: "💜")

** BUILD FAILED **


The following build commands failed:
	SwiftCompile normal x86_64 Compiling\ MySpaceView.swift /Users/kamakshi/Documents/GitHub/Luma_App/LUMA/MySpace\ Tab/MySpaceView.swift (in target 'LUMA' from project 'LUMA')
	SwiftCompile normal x86_64 /Users/kamakshi/Documents/GitHub/Luma_App/LUMA/MySpace\ Tab/MySpaceView.swift (in target 'LUMA' from project 'LUMA')
	SwiftCompile normal arm64 /Users/kamakshi/Documents/GitHub/Luma_App/LUMA/MySpace\ Tab/MySpaceView.swift (in target 'LUMA' from project 'LUMA')
	Building project LUMA with scheme LUMA
(4 failures)
